 uix86

 Timestamp is 4e0408e5 (Thu Jun 23 23:47:49 2011)

 Preferred load address is 40000000

 Start         Length     Name                   Class
 0001:00000000 00065bdaH .textbss                DATA
 0002:00000000 000cfcd0H .text                   CODE
 0002:000cfcd0 00002421H .text$x                 CODE
 0002:000d2100 0000114aH .text$yc                CODE
 0002:000d3250 000010daH .text$yd                CODE
 0003:00000000 00000104H .CRT$XCA                DATA
 0003:00000104 00000104H .CRT$XCC                DATA
 0003:00000208 00000112H .CRT$XCU                DATA
 0003:0000031c 00000104H .CRT$XCZ                DATA
 0003:00000420 00000104H .CRT$XIA                DATA
 0003:00000524 00000118H .CRT$XIC                DATA
 0003:0000063c 00000104H .CRT$XIZ                DATA
 0003:00000740 00000104H .CRT$XPA                DATA
 0003:00000844 00000109H .CRT$XPX                DATA
 0003:00000950 00000104H .CRT$XPXA               DATA
 0003:00000a54 00000104H .CRT$XPZ                DATA
 0003:00000b58 00000104H .CRT$XTA                DATA
 0003:00000c5c 00000104H .CRT$XTZ                DATA
 0003:00000d60 0002958aH .rdata                  DATA
 0003:0002a2ec 0000014bH .rdata$debug            DATA
 0003:0002a438 000006f0H .rdata$r                DATA
 0003:0002ab28 00000104H .rtc$IAA                DATA
 0003:0002ac2c 00000139H .rtc$IMZ                DATA
 0003:0002ad68 00000104H .rtc$IZZ                DATA
 0003:0002ae6c 00000104H .rtc$TAA                DATA
 0003:0002af70 00000139H .rtc$TMZ                DATA
 0003:0002b0ac 00000104H .rtc$TZZ                DATA
 0003:0002b1b0 00002423H .xdata$x                DATA
 0003:0002d5e0 00000167H .edata                  DATA
 0004:00000000 0000b2cdH .data                   DATA
 0004:0000b2e0 00580648H .bss                    DATA
 0005:00000000 00000014H .idata$2                DATA
 0005:00000014 00000014H .idata$3                DATA
 0005:00000028 000001bcH .idata$4                DATA
 0005:000001e4 000001bcH .idata$5                DATA
 0005:000003a0 000007b6H .idata$6                DATA
 0006:00000000 00000169H .rsrc$01                DATA
 0006:00000170 000002e9H .rsrc$02                DATA

  Address         Publics by Value              Rva+Base       Lib:Object

 0000:00000000       __except_list              00000000     <absolute>
 0000:00000000       ___safe_se_handler_count   00000000     <absolute>
 0000:00000000       ___safe_se_handler_table   00000000     <absolute>
 0000:00000000       ___ImageBase               40000000     <linker-defined>
 0001:00000000       __enc$textbss$begin        40001000     <linker-defined>
 0001:00065bda       __enc$textbss$end          40066bda     <linker-defined>
 0002:00005630       ?BG_FileExists@@YA?AW4qboolean@@PBD@Z 4006c630 f   bg_misc.obj
 0002:00005710       ?BG_LegalizedForcePowers@@YA?AW4qboolean@@PADHW41@HHH@Z 4006c710 f   bg_misc.obj
 0002:00006590       ?vectoyaw@@YAMQBM@Z        4006d590 f   bg_misc.obj
 0002:000066b0       ?atan2@@YAMMM@Z            4006d6b0 f i bg_misc.obj
 0002:00006710       _atan2f                    4006d710 f i bg_misc.obj
 0002:00006780       ?BG_HasYsalamiri@@YA?AW4qboolean@@HPAUplayerState_s@@@Z 4006d780 f   bg_misc.obj
 0002:00006800       ?BG_CanUseFPNow@@YA?AW4qboolean@@HPAUplayerState_s@@HH@Z 4006d800 f   bg_misc.obj
 0002:00006a30       ?BG_FindItemForPowerup@@YAPAUgitem_s@@H@Z 4006da30 f   bg_misc.obj
 0002:00006ae0       ?BG_FindItemForHoldable@@YAPAUgitem_s@@H@Z 4006dae0 f   bg_misc.obj
 0002:00006ba0       ?BG_FindItemForWeapon@@YAPAUgitem_s@@H@Z 4006dba0 f   bg_misc.obj
 0002:00006c40       ?BG_FindItemForAmmo@@YAPAUgitem_s@@W4ammo_t@@@Z 4006dc40 f   bg_misc.obj
 0002:00006ce0       ?BG_FindItem@@YAPAUgitem_s@@PBD@Z 4006dce0 f   bg_misc.obj
 0002:00006d70       ?BG_PlayerTouchesItem@@YA?AW4qboolean@@PAUplayerState_s@@PAUentityState_s@@H@Z 4006dd70 f   bg_misc.obj
 0002:00006ed0       ?BG_ProperForceIndex@@YAHH@Z 4006ded0 f   bg_misc.obj
 0002:00006f40       ?BG_CycleForce@@YAXPAUplayerState_s@@H@Z 4006df40 f   bg_misc.obj
 0002:00007120       ?BG_GetItemIndexByTag@@YAHHH@Z 4006e120 f   bg_misc.obj
 0002:000071b0       ?BG_IsItemSelectable@@YA?AW4qboolean@@PAUplayerState_s@@H@Z 4006e1b0 f   bg_misc.obj
 0002:00007200       ?BG_CycleInven@@YAXPAUplayerState_s@@H@Z 4006e200 f   bg_misc.obj
 0002:00007370       ?BG_CanItemBeGrabbed@@YA?AW4qboolean@@HPBUentityState_s@@PBUplayerState_s@@@Z 4006e370 f   bg_misc.obj
 0002:000079b0       ?BG_EvaluateTrajectory@@YAXPBUtrajectory_t@@HQAM@Z 4006e9b0 f   bg_misc.obj
 0002:00007e70       ?cos@@YAMM@Z               4006ee70 f i bg_misc.obj
 0002:00007ed0       _cosf                      4006eed0 f i bg_misc.obj
 0002:00007f40       ?sin@@YAMM@Z               4006ef40 f i bg_misc.obj
 0002:00007fa0       _sinf                      4006efa0 f i bg_misc.obj
 0002:00008010       ?BG_EvaluateTrajectoryDelta@@YAXPBUtrajectory_t@@HQAM@Z 4006f010 f   bg_misc.obj
 0002:000083a0       ?BG_AddPredictableEventToPlayerstate@@YAXHHPAUplayerState_s@@@Z 4006f3a0 f   bg_misc.obj
 0002:000084c0       ?BG_TouchJumpPad@@YAXPAUplayerState_s@@PAUentityState_s@@@Z 4006f4c0 f   bg_misc.obj
 0002:00008640       ?fabs@@YAMM@Z              4006f640 f i bg_misc.obj
 0002:000086a0       _fabsf                     4006f6a0 f i bg_misc.obj
 0002:00008710       ?BG_EmplacedView@@YAHQAM0PAMM@Z 4006f710 f   bg_misc.obj
 0002:00008870       ?BG_IsValidCharacterModel@@YA?AW4qboolean@@PBD0@Z 4006f870 f   bg_misc.obj
 0002:00008960       ?BG_ValidateSkinForTeam@@YA?AW4qboolean@@PBDPADHPAM@Z 4006f960 f   bg_misc.obj
 0002:00008d80       ?strchr@@YAPADPADH@Z       4006fd80 f i bg_misc.obj
 0002:00008de0       ?BG_PlayerStateToEntityState@@YAXPAUplayerState_s@@PAUentityState_s@@W4qboolean@@@Z 4006fde0 f   bg_misc.obj
 0002:00009640       ?BG_PlayerStateToEntityStateExtraPolate@@YAXPAUplayerState_s@@PAUentityState_s@@HW4qboolean@@@Z 40070640 f   bg_misc.obj
 0002:00009dd0       ?BG_ModelCache@@YAHPBD0@Z  40070dd0 f   bg_misc.obj
 0002:00009e40       ?BG_Alloc@@YAPAXH@Z        40070e40 f   bg_misc.obj
 0002:00009f00       ?BG_AllocUnaligned@@YAPAXH@Z 40070f00 f   bg_misc.obj
 0002:00009fa0       ?BG_TempAlloc@@YAPAXH@Z    40070fa0 f   bg_misc.obj
 0002:0000a050       ?BG_TempFree@@YAXH@Z       40071050 f   bg_misc.obj
 0002:0000a0f0       ?BG_StringAlloc@@YAPADPBD@Z 400710f0 f   bg_misc.obj
 0002:0000a170       ?BG_OutOfMemory@@YA?AW4qboolean@@XZ 40071170 f   bg_misc.obj
 0002:0000a1c0       ?BG_IsWhiteSpace@@YA?AW4qboolean@@D@Z 400711c0 f   bg_misc.obj
 0002:0000a220       ?BG_IsLMSGametype@@YA?AW4qboolean@@H@Z 40071220 f   bg_misc.obj
 0002:0000a270       ?BG_IsUsingMediumWeap@@YA?AW4qboolean@@PAUplayerState_s@@@Z 40071270 f   bg_misc.obj
 0002:0000a330       ?BG_IsUsingHeavyWeap@@YA?AW4qboolean@@PAUplayerState_s@@@Z 40071330 f   bg_misc.obj
 0002:0000a400       ?BG_SiegeStripTabs@@YAXPAD@Z 40071400 f   bg_saga.obj
 0002:0000a4b0       ?BG_GetNextValueGroup@@YAPADPAD0@Z 400714b0 f   bg_saga.obj
 0002:0000a6b0       ?BG_SiegeGetValueGroup@@YAHPAD00@Z 400716b0 f   bg_saga.obj
 0002:0000af80       ?BG_SiegeGetPairedValue@@YAHPAD00@Z 40071f80 f   bg_saga.obj
 0002:0000b610       ?BG_SiegeTranslateForcePowers@@YAXPADPAUsiegeClass_t@@@Z 40072610 f   bg_saga.obj
 0002:0000bb30       ?BG_SiegeTranslateGenericTable@@YAHPADPAUstringID_table_s@@W4qboolean@@@Z 40072b30 f   bg_saga.obj
 0002:0000be10       ?BG_SiegeParseClassFile@@YAXPBDPAUsiegeClassDesc_t@@@Z 40072e10 f   bg_saga.obj
 0002:0000cb80       ?BG_SiegeCountBaseClass@@YAHHF@Z 40073b80 f   bg_saga.obj
 0002:0000cc50       ?BG_GetUIPortraitFile@@YAPADHFF@Z 40073c50 f   bg_saga.obj
 0002:0000cd40       ?BG_GetUIPortrait@@YAHHFF@Z 40073d40 f   bg_saga.obj
 0002:0000ce30       ?BG_GetClassOnBaseClass@@YAPAUsiegeClass_t@@HFF@Z 40073e30 f   bg_saga.obj
 0002:0000cf10       ?BG_SiegeLoadClasses@@YAXPAUsiegeClassDesc_t@@@Z 40073f10 f   bg_saga.obj
 0002:0000d0f0       ?BG_SiegeFindClassByName@@YAPAUsiegeClass_t@@PBD@Z 400740f0 f   bg_saga.obj
 0002:0000d1a0       ?BG_SiegeParseTeamFile@@YAXPBD@Z 400741a0 f   bg_saga.obj
 0002:0000d570       ?BG_SiegeLoadTeams@@YAXXZ  40074570 f   bg_saga.obj
 0002:0000d710       ?BG_SiegeFindThemeForTeam@@YAPAUsiegeTeam_t@@H@Z 40074710 f   bg_saga.obj
 0002:0000d770       ?BG_SiegeCheckClassLegality@@YA?AW4qboolean@@HPAD@Z 40074770 f   bg_saga.obj
 0002:0000d880       ?BG_SiegeFindTeamForTheme@@YAPAUsiegeTeam_t@@PAD@Z 40074880 f   bg_saga.obj
 0002:0000d940       ?BG_SiegeSetTeamTheme@@YAXHPAD@Z 40074940 f   bg_saga.obj
 0002:0000d9c0       ?BG_SiegeFindClassIndexByName@@YAHPBD@Z 400749c0 f   bg_saga.obj
 0002:0000da60       ?Q_rand@@YAHPAH@Z          40074a60 f   q_math.obj
 0002:0000dab0       ?Q_random@@YAMPAH@Z        40074ab0 f   q_math.obj
 0002:0000db30       ?Q_crandom@@YAMPAH@Z       40074b30 f   q_math.obj
 0002:0000dba0       ?ClampChar@@YACH@Z         40074ba0 f   q_math.obj
 0002:0000dbf0       ?ClampShort@@YAFH@Z        40074bf0 f   q_math.obj
 0002:0000dc50       ?DirToByte@@YAHQAM@Z       40074c50 f   q_math.obj
 0002:0000dd40       ?ByteToDir@@YAXHQAM@Z      40074d40 f   q_math.obj
 0002:0000de00       ?ColorBytes3@@YAIMMM@Z     40074e00 f   q_math.obj
 0002:0000df20       ?ColorBytes4@@YAIMMMM@Z    40074f20 f   q_math.obj
 0002:0000e080       ?NormalizeColor@@YAMQBMQAM@Z 40075080 f   q_math.obj
 0002:0000e170       ?PlaneFromPoints@@YA?AW4qboolean@@QAMQBM11@Z 40075170 f   q_math.obj
 0002:0000e3a0       ?RotatePointAroundVector@@YAXQAMQBM1M@Z 400753a0 f   q_math.obj
 0002:0000e760       ?RotateAroundDirection@@YAXQAY02MM@Z 40075760 f   q_math.obj
 0002:0000e880       ?vectoangles@@YAXQBMQAM@Z  40075880 f   q_math.obj
 0002:0000ea80       ?sqrt@@YAMM@Z              40075a80 f i q_math.obj
 0002:0000eae0       _sqrtf                     40075ae0 f i q_math.obj
 0002:0000eb50       ?AnglesToAxis@@YAXQBMQAY02M@Z 40075b50 f   q_math.obj
 0002:0000ec50       ?AxisClear@@YAXQAY02M@Z    40075c50 f   q_math.obj
 0002:0000ece0       ?AxisCopy@@YAXQAY02M0@Z    40075ce0 f   q_math.obj
 0002:0000eda0       ?ProjectPointOnPlane@@YAXQAMQBM1@Z 40075da0 f   q_math.obj
 0002:0000ef50       ?MakeNormalVectors@@YAXQBMQAM1@Z 40075f50 f   q_math.obj
 0002:0000f080       ?VectorRotate@@YAXQAMQAY02M0@Z 40076080 f   q_math.obj
 0002:0000f160       ?Q_rsqrt@@YAMM@Z           40076160 f   q_math.obj
 0002:0000f1f0       ?Q_fabs@@YAMM@Z            400761f0 f   q_math.obj
 0002:0000f240       ?LerpAngle@@YAMMMM@Z       40076240 f   q_math.obj
 0002:0000f2e0       ?AngleSubtract@@YAMMM@Z    400762e0 f   q_math.obj
 0002:0000f3a0       ?fmod@@YAMMM@Z             400763a0 f i q_math.obj
 0002:0000f400       _fmodf                     40076400 f i q_math.obj
 0002:0000f470       ?AnglesSubtract@@YAXQAM00@Z 40076470 f   q_math.obj
 0002:0000f530       ?AngleMod@@YAMM@Z          40076530 f   q_math.obj
 0002:0000f5b0       ?AngleNormalize360@@YAMM@Z 400765b0 f   q_math.obj
 0002:0000f630       ?AngleNormalize180@@YAMM@Z 40076630 f   q_math.obj
 0002:0000f6b0       ?AngleDelta@@YAMMM@Z       400766b0 f   q_math.obj
 0002:0000f720       ?SetPlaneSignbits@@YAXPAUcplane_s@@@Z 40076720 f   q_math.obj
 0002:0000f7c0       ?BoxOnPlaneSide@@YAHQAM0PAUcplane_s@@@Z 400767c0 f   q_math.obj
 0002:0000fa90       ?RadiusFromBounds@@YAMQBM0@Z 40076a90 f   q_math.obj
 0002:0000fc60       ?ClearBounds@@YAXQAM0@Z    40076c60 f   q_math.obj
 0002:0000fcf0       ?DistanceHorizontal@@YAMQBM0@Z 40076cf0 f   q_math.obj
 0002:0000fde0       ?DistanceHorizontalSquared@@YAMQBM0@Z 40076de0 f   q_math.obj
 0002:0000feb0       ?AddPointToBounds@@YAXQBMQAM1@Z 40076eb0 f   q_math.obj
 0002:0000ffd0       ?VectorNormalize@@YAMQAM@Z 40076fd0 f   q_math.obj
 0002:000100b0       ?VectorNormalize2@@YAMQBMQAM@Z 400770b0 f   q_math.obj
 0002:000101b0       ?_VectorMA@@YAXQBMM0QAM@Z  400771b0 f   q_math.obj
 0002:00010230       ?_DotProduct@@YAMQBM0@Z    40077230 f   q_math.obj
 0002:000102a0       ?_VectorSubtract@@YAXQBM0QAM@Z 400772a0 f   q_math.obj
 0002:00010310       ?_VectorAdd@@YAXQBM0QAM@Z  40077310 f   q_math.obj
 0002:00010380       ?_VectorCopy@@YAXQBMQAM@Z  40077380 f   q_math.obj
 0002:000103e0       ?_VectorScale@@YAXQBMMQAM@Z 400773e0 f   q_math.obj
 0002:00010450       ?Vector4Scale@@YAXQBMMQAM@Z 40077450 f   q_math.obj
 0002:000104d0       ?Q_log2@@YAHH@Z            400774d0 f   q_math.obj
 0002:00010530       ?MatrixMultiply@@YAXQAY02M00@Z 40077530 f   q_math.obj
 0002:00010760       ?AngleVectors@@YAXQBMQAM11@Z 40077760 f   q_math.obj
 0002:000109f0       ?PerpendicularVector@@YAXQAMQBM@Z 400779f0 f   q_math.obj
 0002:00010b50       ?NormalToLatLong@@YAXQBMQAE@Z 40077b50 f   q_math.obj
 0002:00010cb0       ?acos@@YAMM@Z              40077cb0 f i q_math.obj
 0002:00010d10       _acosf                     40077d10 f i q_math.obj
 0002:00010d80       ?Rand_Init@@YAXH@Z         40077d80 f   q_math.obj
 0002:00010dc0       ?flrand@@YAMMM@Z           40077dc0 f   q_math.obj
 0002:00010e50       ?Q_flrand@@YAMMM@Z         40077e50 f   q_math.obj
 0002:00010eb0       ?irand@@YAHHH@Z            40077eb0 f   q_math.obj
 0002:00010f70       ?Q_irand@@YAHHH@Z          40077f70 f   q_math.obj
 0002:00010fd0       ?DotProductNormalize@@YAMQBM0@Z 40077fd0 f   q_math.obj
 0002:000110d0       ?G_FindClosestPointOnLineSegment@@YA?AW4qboolean@@QBM00QAM@Z 400780d0 f   q_math.obj
 0002:00011610       ?G_PointDistFromLineSegment@@YAMQBM00@Z 40078610 f   q_math.obj
 0002:00011af0       ?G_FindClosestPointBetweenLineSegments@@YAXQAM0000@Z 40078af0 f   q_math.obj
 0002:00011e10       ?ShortestLineSegBewteen2LineSegs@@YAMQAM00000@Z 40078e10 f   q_math.obj
 0002:00012720       ?VectorDistance@@YAMQAM0@Z 40079720 f   q_math.obj
 0002:00012800       ?GetIDForString@@YAHPAUstringID_table_s@@PBD@Z 40079800 f   q_shared.obj
 0002:000128b0       ?GetStringForID@@YAPBDPAUstringID_table_s@@H@Z 400798b0 f   q_shared.obj
 0002:00012940       ?Com_Clampi@@YAHHHH@Z      40079940 f   q_shared.obj
 0002:000129a0       ?Com_Clamp@@YAMMMM@Z       400799a0 f   q_shared.obj
 0002:00012a10       ?COM_SkipPath@@YAPADPAD@Z  40079a10 f   q_shared.obj
 0002:00012a80       ?COM_StripExtension@@YAXPBDPAD@Z 40079a80 f   q_shared.obj
 0002:00012b00       ?COM_DefaultExtension@@YAXPADHPBD@Z 40079b00 f   q_shared.obj
 0002:00012c20       ?ShortSwap@@YAFF@Z         40079c20 f   q_shared.obj
 0002:00012c80       ?ShortNoSwap@@YAFF@Z       40079c80 f   q_shared.obj
 0002:00012cc0       ?LongSwap@@YAHH@Z          40079cc0 f   q_shared.obj
 0002:00012d60       ?LongNoSwap@@YAHH@Z        40079d60 f   q_shared.obj
 0002:00012da0       ?Long64Swap@@YA?AUqint64@@U1@@Z 40079da0 f   q_shared.obj
 0002:00012e50       ?Long64NoSwap@@YA?AUqint64@@U1@@Z 40079e50 f   q_shared.obj
 0002:00012e90       ?FloatSwap@@YAMPBM@Z       40079e90 f   q_shared.obj
 0002:00012f30       ?FloatNoSwap@@YAMPBM@Z     40079f30 f   q_shared.obj
 0002:00012f70       ?COM_BeginParseSession@@YAXPBD@Z 40079f70 f   q_shared.obj
 0002:00012fe0       ?COM_GetCurrentParseLine@@YAHXZ 40079fe0 f   q_shared.obj
 0002:00013020       ?COM_Parse@@YAPADPAPBD@Z   4007a020 f   q_shared.obj
 0002:00013070       ?COM_ParseError@@YAXPADZZ  4007a070 f   q_shared.obj
 0002:00013100       ?COM_ParseWarning@@YAXPADZZ 4007a100 f   q_shared.obj
 0002:00013190       ?SkipWhitespace@@YAPBDPBDPAW4qboolean@@@Z 4007a190 f   q_shared.obj
 0002:00013220       ?COM_Compress@@YAHPAD@Z    4007a220 f   q_shared.obj
 0002:000134c0       ?COM_ParseExt@@YAPADPAPBDW4qboolean@@@Z 4007a4c0 f   q_shared.obj
 0002:000137f0       ?COM_ParseString@@YA?AW4qboolean@@PAPBD0@Z 4007a7f0 f   q_shared.obj
 0002:00013870       ?COM_ParseInt@@YA?AW4qboolean@@PAPBDPAH@Z 4007a870 f   q_shared.obj
 0002:00013910       ?COM_ParseFloat@@YA?AW4qboolean@@PAPBDPAM@Z 4007a910 f   q_shared.obj
 0002:000139b0       ?COM_ParseVec4@@YA?AW4qboolean@@PAPBDPAY03M@Z 4007a9b0 f   q_shared.obj
 0002:00013a80       ?COM_MatchToken@@YAXPAPBDPAD@Z 4007aa80 f   q_shared.obj
 0002:00013b10       ?SkipBracedSection@@YAXPAPBD@Z 4007ab10 f   q_shared.obj
 0002:00013bc0       ?SkipRestOfLine@@YAXPAPBD@Z 4007abc0 f   q_shared.obj
 0002:00013c70       ?Parse1DMatrix@@YAXPAPBDHPAM@Z 4007ac70 f   q_shared.obj
 0002:00013d30       ?Parse2DMatrix@@YAXPAPBDHHPAM@Z 4007ad30 f   q_shared.obj
 0002:00013df0       ?Parse3DMatrix@@YAXPAPBDHHHPAM@Z 4007adf0 f   q_shared.obj
 0002:00013eb0       ?Q_isprint@@YAHH@Z         4007aeb0 f   q_shared.obj
 0002:00013f00       ?Q_islower@@YAHH@Z         4007af00 f   q_shared.obj
 0002:00013f50       ?Q_isupper@@YAHH@Z         4007af50 f   q_shared.obj
 0002:00013fa0       ?Q_isalpha@@YAHH@Z         4007afa0 f   q_shared.obj
 0002:00014000       ?Q_strrchr@@YAPADPBDH@Z    4007b000 f   q_shared.obj
 0002:00014090       ?Q_strncpyz@@YAXPADPBDH@Z  4007b090 f   q_shared.obj
 0002:00014150       ?Q_stricmpn@@YAHPBD0H@Z    4007b150 f   q_shared.obj
 0002:00014280       ?Q_strncmp@@YAHPBD0H@Z     4007b280 f   q_shared.obj
 0002:00014330       ?Q_stricmp@@YAHPBD0@Z      4007b330 f   q_shared.obj
 0002:000143c0       ?Q_stristr@@YAPADPBD0@Z    4007b3c0 f   q_shared.obj
 0002:00014530       ?Q_StrReplace@@YAPADPAD00@Z 4007b530 f   q_shared.obj
 0002:00014810       ?COM_BitCheck@@YA?AW4qboolean@@QBHH@Z 4007b810 f   q_shared.obj
 0002:000148a0       ?COM_BitSet@@YAXQAHH@Z     4007b8a0 f   q_shared.obj
 0002:00014930       ?COM_BitClear@@YAXQAHH@Z   4007b930 f   q_shared.obj
 0002:000149c0       ?Q_strlwr@@YAPADPAD@Z      4007b9c0 f   q_shared.obj
 0002:00014a40       ?Q_strupr@@YAPADPAD@Z      4007ba40 f   q_shared.obj
 0002:00014ac0       ?Q_strcat@@YAXPADHPBD@Z    4007bac0 f   q_shared.obj
 0002:00014b50       ?Q_PrintStrlen@@YAHPBD@Z   4007bb50 f   q_shared.obj
 0002:00014c30       ?Q_CleanStr@@YAPADPAD@Z    4007bc30 f   q_shared.obj
 0002:00014d20       ?Q_vsnprintf@@YAHPADHPBD0@Z 4007bd20 f   q_shared.obj
 0002:00014db0       ?Com_sprintf@@YAXPADHPBDZZ 4007bdb0 f   q_shared.obj
 0002:00014e40       ?va@@YAPADPADZZ            4007be40 f   q_shared.obj
 0002:00014f50       ?Info_ValueForKey@@YAPADPBD0@Z 4007bf50 f   q_shared.obj
 0002:000151b0       ?Info_NextPair@@YAXPAPBDPAD1@Z 4007c1b0 f   q_shared.obj
 0002:000152e0       ?Info_RemoveKey@@YAXPADPBD@Z 4007c2e0 f   q_shared.obj
 0002:00015540       ?Info_RemoveKey_Big@@YAXPADPBD@Z 4007c540 f   q_shared.obj
 0002:000157a0       ?Info_Validate@@YA?AW4qboolean@@PBD@Z 4007c7a0 f   q_shared.obj
 0002:00015820       ?Info_SetValueForKey@@YAXPADPBD1@Z 4007c820 f   q_shared.obj
 0002:00015a70       ?Info_SetValueForKey_Big@@YAXPADPBD1@Z 4007ca70 f   q_shared.obj
 0002:00015cb0       ??0StackPanel@@QAE@XZ      4007ccb0 f   StackPanel.obj
 0002:00015d20       ??0ContainerElement@@QAE@XZ 4007cd20 f i StackPanel.obj
 0002:00015df0       ??0UIElement@@QAE@XZ       4007cdf0 f i StackPanel.obj
 0002:00015e60       ??0Rectangle@@QAE@XZ       4007ce60 f i StackPanel.obj
 0002:00015ea0       ??1UIElement@@QAE@XZ       4007cea0 f i StackPanel.obj
 0002:00015ee0       ?Arrange@UIElement@@UAEXXZ 4007cee0 f i StackPanel.obj
 0002:00015f20       ?Draw@UIElement@@UAEXXZ    4007cf20 f i StackPanel.obj
 0002:00015f60       ?Draw@ContainerElement@@UAEXXZ 4007cf60 f i StackPanel.obj
 0002:000161b0       ?DrawElement@ContainerElement@@IAEXPAVUIElement@@@Z 4007d1b0 f i StackPanel.obj
 0002:000164b0       ?GetOldChildren@ContainerElement@@QAE?AV?$list@PAUitemDef_s@@V?$allocator@PAUitemDef_s@@@std@@@std@@XZ 4007d4b0 f i StackPanel.obj
 0002:00016530       ?GetChildren@ContainerElement@@QAE?AV?$list@PAVUIElement@@V?$allocator@PAVUIElement@@@std@@@std@@XZ 4007d530 f i StackPanel.obj
 0002:000165b0       ??1?$_List_iterator@V?$_List_val@PAUitemDef_s@@V?$allocator@PAUitemDef_s@@@std@@@std@@@std@@QAE@XZ 4007d5b0 f i StackPanel.obj
 0002:00016600       ??1?$_List_iterator@V?$_List_val@PAVUIElement@@V?$allocator@PAVUIElement@@@std@@@std@@@std@@QAE@XZ 4007d600 f i StackPanel.obj
 0002:00016650       ??1?$_List_const_iterator@V?$_List_val@PAUitemDef_s@@V?$allocator@PAUitemDef_s@@@std@@@std@@@std@@QAE@XZ 4007d650 f i StackPanel.obj
 0002:000166a0       ??1?$_List_const_iterator@V?$_List_val@PAVUIElement@@V?$allocator@PAVUIElement@@@std@@@std@@@std@@QAE@XZ 4007d6a0 f i StackPanel.obj
 0002:000166f0       ??1?$_List_unchecked_const_iterator@V?$_List_val@PAUitemDef_s@@V?$allocator@PAUitemDef_s@@@std@@@std@@U_Iterator_base12@2@@std@@QAE@XZ 4007d6f0 f i StackPanel.obj
 0002:00016740       ??1?$_List_unchecked_const_iterator@V?$_List_val@PAVUIElement@@V?$allocator@PAVUIElement@@@std@@@std@@U_Iterator_base12@2@@std@@QAE@XZ 4007d740 f i StackPanel.obj
 0002:00016790       ??1?$_Iterator012@Ubidirectional_iterator_tag@std@@PAUitemDef_s@@HPBQAU3@ABQAU3@U_Iterator_base12@2@@std@@QAE@XZ 4007d790 f i StackPanel.obj
 0002:000167e0       ??1_Iterator_base12@std@@QAE@XZ 4007d7e0 f i StackPanel.obj
 0002:000168d0       ?_Orphan_me@_Iterator_base12@std@@QAEXXZ 4007d8d0 f i StackPanel.obj
 0002:000169a0       ??1?$_Iterator012@Ubidirectional_iterator_tag@std@@PAVUIElement@@HPBQAV3@ABQAV3@U_Iterator_base12@2@@std@@QAE@XZ 4007d9a0 f i StackPanel.obj
 0002:000169f0       ?Arrange@StackPanel@@UAEXXZ 4007d9f0 f   StackPanel.obj
 0002:00016d90       ?SetPosition@Rectangle@@QAEXMM@Z 4007dd90 f i StackPanel.obj
 0002:00016de0       ?GetRectangle@UIElement@@QAEPAVRectangle@@XZ 4007dde0 f i StackPanel.obj
 0002:00016e20       ??0?$list@PAVUIElement@@V?$allocator@PAVUIElement@@@std@@@std@@QAE@XZ 4007de20 f i StackPanel.obj
 0002:00016e90       ??0?$list@PAVUIElement@@V?$allocator@PAVUIElement@@@std@@@std@@QAE@ABV01@@Z 4007de90 f i StackPanel.obj
 0002:00017060       ??1?$list@PAVUIElement@@V?$allocator@PAVUIElement@@@std@@@std@@QAE@XZ 4007e060 f i StackPanel.obj
 0002:00017100       ?begin@?$list@PAVUIElement@@V?$allocator@PAVUIElement@@@std@@@std@@QAE?AV?$_List_iterator@V?$_List_val@PAVUIElement@@V?$allocator@PAVUIElement@@@std@@@std@@@2@XZ 4007e100 f i StackPanel.obj
 0002:00017190       ?end@?$list@PAVUIElement@@V?$allocator@PAVUIElement@@@std@@@std@@QAE?AV?$_List_iterator@V?$_List_val@PAVUIElement@@V?$allocator@PAVUIElement@@@std@@@std@@@2@XZ 4007e190 f i StackPanel.obj
 0002:00017220       ??0?$list@PAUitemDef_s@@V?$allocator@PAUitemDef_s@@@std@@@std@@QAE@XZ 4007e220 f i StackPanel.obj
 0002:00017290       ??0?$list@PAUitemDef_s@@V?$allocator@PAUitemDef_s@@@std@@@std@@QAE@ABV01@@Z 4007e290 f i StackPanel.obj
 0002:00017460       ??1?$list@PAUitemDef_s@@V?$allocator@PAUitemDef_s@@@std@@@std@@QAE@XZ 4007e460 f i StackPanel.obj
 0002:00017500       ?begin@?$list@PAUitemDef_s@@V?$allocator@PAUitemDef_s@@@std@@@std@@QAE?AV?$_List_iterator@V?$_List_val@PAUitemDef_s@@V?$allocator@PAUitemDef_s@@@std@@@std@@@2@XZ 4007e500 f i StackPanel.obj
 0002:00017590       ?end@?$list@PAUitemDef_s@@V?$allocator@PAUitemDef_s@@@std@@@std@@QAE?AV?$_List_iterator@V?$_List_val@PAUitemDef_s@@V?$allocator@PAUitemDef_s@@@std@@@std@@@2@XZ 4007e590 f i StackPanel.obj
 0002:00017620       ??D?$_List_iterator@V?$_List_val@PAUitemDef_s@@V?$allocator@PAUitemDef_s@@@std@@@std@@@std@@QBEAAPAUitemDef_s@@XZ 4007e620 f i StackPanel.obj
 0002:00017670       ??E?$_List_iterator@V?$_List_val@PAUitemDef_s@@V?$allocator@PAUitemDef_s@@@std@@@std@@@std@@QAEAAV01@XZ 4007e670 f i StackPanel.obj
 0002:000176d0       ??9?$_List_const_iterator@V?$_List_val@PAUitemDef_s@@V?$allocator@PAUitemDef_s@@@std@@@std@@@std@@QBE_NABV01@@Z 4007e6d0 f i StackPanel.obj
 0002:00017740       ??D?$_List_iterator@V?$_List_val@PAVUIElement@@V?$allocator@PAVUIElement@@@std@@@std@@@std@@QBEAAPAVUIElement@@XZ 4007e740 f i StackPanel.obj
 0002:00017790       ??E?$_List_iterator@V?$_List_val@PAVUIElement@@V?$allocator@PAVUIElement@@@std@@@std@@@std@@QAEAAV01@XZ 4007e790 f i StackPanel.obj
 0002:000177f0       ??9?$_List_const_iterator@V?$_List_val@PAVUIElement@@V?$allocator@PAVUIElement@@@std@@@std@@@std@@QBE_NABV01@@Z 4007e7f0 f i StackPanel.obj
 0002:00017860       ??0?$_List_const_iterator@V?$_List_val@PAVUIElement@@V?$allocator@PAVUIElement@@@std@@@std@@@std@@QAE@ABV01@@Z 4007e860 f i StackPanel.obj
 0002:000178c0       ??0?$_List_const_iterator@V?$_List_val@PAUitemDef_s@@V?$allocator@PAUitemDef_s@@@std@@@std@@@std@@QAE@ABV01@@Z 4007e8c0 f i StackPanel.obj
 0002:00017920       ??0?$_List_unchecked_const_iterator@V?$_List_val@PAVUIElement@@V?$allocator@PAVUIElement@@@std@@@std@@U_Iterator_base12@2@@std@@QAE@ABV01@@Z 4007e920 f i StackPanel.obj
 0002:00017990       ??0?$_List_unchecked_const_iterator@V?$_List_val@PAUitemDef_s@@V?$allocator@PAUitemDef_s@@@std@@@std@@U_Iterator_base12@2@@std@@QAE@ABV01@@Z 4007e990 f i StackPanel.obj
 0002:00017a00       ??0?$_Iterator012@Ubidirectional_iterator_tag@std@@PAVUIElement@@HPBQAV3@ABQAV3@U_Iterator_base12@2@@std@@QAE@ABU01@@Z 4007ea00 f i StackPanel.obj
 0002:00017a60       ??0_Iterator_base12@std@@QAE@ABU01@@Z 4007ea60 f i StackPanel.obj
 0002:00017ae0       ??4_Iterator_base12@std@@QAEAAU01@ABU01@@Z 4007eae0 f i StackPanel.obj
 0002:00017b50       ?_Adopt@_Iterator_base12@std@@QAEXPBU_Container_base12@2@@Z 4007eb50 f i StackPanel.obj
 0002:00017c80       ??0?$_Iterator012@Ubidirectional_iterator_tag@std@@PAUitemDef_s@@HPBQAU3@ABQAU3@U_Iterator_base12@2@@std@@QAE@ABU01@@Z 4007ec80 f i StackPanel.obj
 0002:00017ce0       ?begin@?$list@PAVUIElement@@V?$allocator@PAVUIElement@@@std@@@std@@QBE?AV?$_List_const_iterator@V?$_List_val@PAVUIElement@@V?$allocator@PAVUIElement@@@std@@@std@@@2@XZ 4007ece0 f i StackPanel.obj
 0002:00017d70       ?end@?$list@PAVUIElement@@V?$allocator@PAVUIElement@@@std@@@std@@QBE?AV?$_List_const_iterator@V?$_List_val@PAVUIElement@@V?$allocator@PAVUIElement@@@std@@@std@@@2@XZ 4007ed70 f i StackPanel.obj
 0002:00017e00       ?_Tidy@?$list@PAVUIElement@@V?$allocator@PAVUIElement@@@std@@@std@@QAEXXZ 4007ee00 f i StackPanel.obj
 0002:00017e50       ??0?$_List_val@PAVUIElement@@V?$allocator@PAVUIElement@@@std@@@std@@QAE@V?$allocator@PAVUIElement@@@1@@Z 4007ee50 f i StackPanel.obj
 0002:00017f60       ??1?$_List_val@PAVUIElement@@V?$allocator@PAVUIElement@@@std@@@std@@QAE@XZ 4007ef60 f i StackPanel.obj
 0002:00018010       ?_Nextnode@?$_List_val@PAVUIElement@@V?$allocator@PAVUIElement@@@std@@@std@@SAAAPAU_Node@?$_List_nod@PAVUIElement@@V?$allocator@PAVUIElement@@@std@@@2@PAU342@@Z 4007f010 f i StackPanel.obj
 0002:00018050       ??0?$allocator@PAVUIElement@@@std@@QAE@XZ 4007f050 f i StackPanel.obj
 0002:00018090       ??0?$allocator@PAVUIElement@@@std@@QAE@ABV01@@Z 4007f090 f i StackPanel.obj
 0002:000180d0       ?begin@?$list@PAUitemDef_s@@V?$allocator@PAUitemDef_s@@@std@@@std@@QBE?AV?$_List_const_iterator@V?$_List_val@PAUitemDef_s@@V?$allocator@PAUitemDef_s@@@std@@@std@@@2@XZ 4007f0d0 f i StackPanel.obj
 0002:00018160       ?end@?$list@PAUitemDef_s@@V?$allocator@PAUitemDef_s@@@std@@@std@@QBE?AV?$_List_const_iterator@V?$_List_val@PAUitemDef_s@@V?$allocator@PAUitemDef_s@@@std@@@std@@@2@XZ 4007f160 f i StackPanel.obj
 0002:000181f0       ?_Tidy@?$list@PAUitemDef_s@@V?$allocator@PAUitemDef_s@@@std@@@std@@QAEXXZ 4007f1f0 f i StackPanel.obj
 0002:00018240       ??0?$_List_val@PAUitemDef_s@@V?$allocator@PAUitemDef_s@@@std@@@std@@QAE@V?$allocator@PAUitemDef_s@@@1@@Z 4007f240 f i StackPanel.obj
 0002:00018350       ??1?$_List_val@PAUitemDef_s@@V?$allocator@PAUitemDef_s@@@std@@@std@@QAE@XZ 4007f350 f i StackPanel.obj
 0002:00018400       ?_Nextnode@?$_List_val@PAUitemDef_s@@V?$allocator@PAUitemDef_s@@@std@@@std@@SAAAPAU_Node@?$_List_nod@PAUitemDef_s@@V?$allocator@PAUitemDef_s@@@std@@@2@PAU342@@Z 4007f400 f i StackPanel.obj
 0002:00018440       ??0?$allocator@PAUitemDef_s@@@std@@QAE@XZ 4007f440 f i StackPanel.obj
 0002:00018480       ??0?$allocator@PAUitemDef_s@@@std@@QAE@ABV01@@Z 4007f480 f i StackPanel.obj
 0002:000184c0       ??0?$_List_iterator@V?$_List_val@PAUitemDef_s@@V?$allocator@PAUitemDef_s@@@std@@@std@@@std@@QAE@PAU_Node@?$_List_nod@PAUitemDef_s@@V?$allocator@PAUitemDef_s@@@std@@@1@PBV?$_List_val@PAUitemDef_s@@V?$allocator@PAUitemDef_s@@@std@@@1@@Z 4007f4c0 f i StackPanel.obj
 0002:00018520       ??D?$_List_const_iterator@V?$_List_val@PAUitemDef_s@@V?$allocator@PAUitemDef_s@@@std@@@std@@@std@@QBEABQAUitemDef_s@@XZ 4007f520 f i StackPanel.obj
 0002:00018630       ?_Getcont@_Iterator_base12@std@@QBEPBU_Container_base12@2@XZ 4007f630 f i StackPanel.obj
 0002:000186a0       ??E?$_List_const_iterator@V?$_List_val@PAUitemDef_s@@V?$allocator@PAUitemDef_s@@@std@@@std@@@std@@QAEAAV01@XZ 4007f6a0 f i StackPanel.obj
 0002:000187c0       ??8?$_List_const_iterator@V?$_List_val@PAUitemDef_s@@V?$allocator@PAUitemDef_s@@@std@@@std@@@std@@QBE_NABV01@@Z 4007f7c0 f i StackPanel.obj
 0002:000188d0       ??0?$_List_iterator@V?$_List_val@PAVUIElement@@V?$allocator@PAVUIElement@@@std@@@std@@@std@@QAE@PAU_Node@?$_List_nod@PAVUIElement@@V?$allocator@PAVUIElement@@@std@@@1@PBV?$_List_val@PAVUIElement@@V?$allocator@PAVUIElement@@@std@@@1@@Z 4007f8d0 f i StackPanel.obj
 0002:00018930       ??D?$_List_const_iterator@V?$_List_val@PAVUIElement@@V?$allocator@PAVUIElement@@@std@@@std@@@std@@QBEABQAVUIElement@@XZ 4007f930 f i StackPanel.obj
 0002:00018a40       ??E?$_List_const_iterator@V?$_List_val@PAVUIElement@@V?$allocator@PAVUIElement@@@std@@@std@@@std@@QAEAAV01@XZ 4007fa40 f i StackPanel.obj
 0002:00018b60       ??8?$_List_const_iterator@V?$_List_val@PAVUIElement@@V?$allocator@PAVUIElement@@@std@@@std@@@std@@QBE_NABV01@@Z 4007fb60 f i StackPanel.obj
 0002:00018c70       ?clear@?$list@PAVUIElement@@V?$allocator@PAVUIElement@@@std@@@std@@QAEXXZ 4007fc70 f i StackPanel.obj
 0002:00018d90       ?_Prevnode@?$_List_val@PAVUIElement@@V?$allocator@PAVUIElement@@@std@@@std@@SAAAPAU_Node@?$_List_nod@PAVUIElement@@V?$allocator@PAVUIElement@@@std@@@2@PAU342@@Z 4007fd90 f i StackPanel.obj
 0002:00018dd0       ?_Myval@?$_List_val@PAVUIElement@@V?$allocator@PAVUIElement@@@std@@@std@@SAAAPAVUIElement@@PAU_Node@?$_List_nod@PAVUIElement@@V?$allocator@PAVUIElement@@@std@@@2@@Z 4007fdd0 f i StackPanel.obj
 0002:00018e10       ??0?$_List_nod@PAVUIElement@@V?$allocator@PAVUIElement@@@std@@@std@@QAE@V?$allocator@PAVUIElement@@@1@@Z 4007fe10 f i StackPanel.obj
 0002:00018f70       ??0_Container_proxy@std@@QAE@XZ 4007ff70 f i StackPanel.obj
 0002:00018fc0       ??0_Container_base12@std@@QAE@XZ 4007ffc0 f i StackPanel.obj
 0002:00019010       ??1_Container_base12@std@@QAE@XZ 40080010 f i StackPanel.obj
 0002:00019060       ?_Orphan_all@_Container_base12@std@@QAEXXZ 40080060 f i StackPanel.obj
 0002:00019150       ??1?$_List_nod@PAVUIElement@@V?$allocator@PAVUIElement@@@std@@@std@@QAE@XZ 40080150 f i StackPanel.obj
 0002:00019280       ?deallocate@?$allocator@U_Node@?$_List_nod@PAVUIElement@@V?$allocator@PAVUIElement@@@std@@@std@@@std@@QAEXPAU_Node@?$_List_nod@PAVUIElement@@V?$allocator@PAVUIElement@@@std@@@2@I@Z 40080280 f i StackPanel.obj
 0002:000192e0       ?allocate@?$allocator@U_Node@?$_List_nod@PAVUIElement@@V?$allocator@PAVUIElement@@@std@@@std@@@std@@QAEPAU_Node@?$_List_nod@PAVUIElement@@V?$allocator@PAVUIElement@@@std@@@2@I@Z 400802e0 f i StackPanel.obj
 0002:00019340       ?clear@?$list@PAUitemDef_s@@V?$allocator@PAUitemDef_s@@@std@@@std@@QAEXXZ 40080340 f i StackPanel.obj
 0002:00019460       ?_Prevnode@?$_List_val@PAUitemDef_s@@V?$allocator@PAUitemDef_s@@@std@@@std@@SAAAPAU_Node@?$_List_nod@PAUitemDef_s@@V?$allocator@PAUitemDef_s@@@std@@@2@PAU342@@Z 40080460 f i StackPanel.obj
 0002:000194a0       ?_Myval@?$_List_val@PAUitemDef_s@@V?$allocator@PAUitemDef_s@@@std@@@std@@SAAAPAUitemDef_s@@PAU_Node@?$_List_nod@PAUitemDef_s@@V?$allocator@PAUitemDef_s@@@std@@@2@@Z 400804a0 f i StackPanel.obj
 0002:000194e0       ??0?$_List_nod@PAUitemDef_s@@V?$allocator@PAUitemDef_s@@@std@@@std@@QAE@V?$allocator@PAUitemDef_s@@@1@@Z 400804e0 f i StackPanel.obj
 0002:00019640       ??1?$_List_nod@PAUitemDef_s@@V?$allocator@PAUitemDef_s@@@std@@@std@@QAE@XZ 40080640 f i StackPanel.obj
 0002:00019770       ?deallocate@?$allocator@U_Node@?$_List_nod@PAUitemDef_s@@V?$allocator@PAUitemDef_s@@@std@@@std@@@std@@QAEXPAU_Node@?$_List_nod@PAUitemDef_s@@V?$allocator@PAUitemDef_s@@@std@@@2@I@Z 40080770 f i StackPanel.obj
 0002:000197d0       ?allocate@?$allocator@U_Node@?$_List_nod@PAUitemDef_s@@V?$allocator@PAUitemDef_s@@@std@@@std@@@std@@QAEPAU_Node@?$_List_nod@PAUitemDef_s@@V?$allocator@PAUitemDef_s@@@std@@@2@I@Z 400807d0 f i StackPanel.obj
 0002:00019830       ??0?$_List_const_iterator@V?$_List_val@PAUitemDef_s@@V?$allocator@PAUitemDef_s@@@std@@@std@@@std@@QAE@PAU_Node@?$_List_nod@PAUitemDef_s@@V?$allocator@PAUitemDef_s@@@std@@@1@PBV?$_List_val@PAUitemDef_s@@V?$allocator@PAUitemDef_s@@@std@@@1@@Z 40080830 f i StackPanel.obj
 0002:00019890       ??0?$_List_const_iterator@V?$_List_val@PAVUIElement@@V?$allocator@PAVUIElement@@@std@@@std@@@std@@QAE@PAU_Node@?$_List_nod@PAVUIElement@@V?$allocator@PAVUIElement@@@std@@@1@PBV?$_List_val@PAVUIElement@@V?$allocator@PAVUIElement@@@std@@@1@@Z 40080890 f i StackPanel.obj
 0002:000198f0       ?_Orphan_ptr@?$list@PAVUIElement@@V?$allocator@PAVUIElement@@@std@@@std@@QBEXAAV12@PAU_Node@?$_List_nod@PAVUIElement@@V?$allocator@PAVUIElement@@@std@@@2@@Z 400808f0 f i StackPanel.obj
 0002:00019a50       ?_Getpfirst@_Container_base12@std@@QBEPAPAU_Iterator_base12@2@XZ 40080a50 f i StackPanel.obj
 0002:00019ac0       ?_Clrcont@_Iterator_base12@std@@QAEXXZ 40080ac0 f i StackPanel.obj
 0002:00019b00       ?_Getpnext@_Iterator_base12@std@@QAEPAPAU12@XZ 40080b00 f i StackPanel.obj
 0002:00019b40       ?_Orphan_ptr@?$list@PAUitemDef_s@@V?$allocator@PAUitemDef_s@@@std@@@std@@QBEXAAV12@PAU_Node@?$_List_nod@PAUitemDef_s@@V?$allocator@PAUitemDef_s@@@std@@@2@@Z 40080b40 f i StackPanel.obj
 0002:00019ca0       ??0?$_List_unchecked_const_iterator@V?$_List_val@PAUitemDef_s@@V?$allocator@PAUitemDef_s@@@std@@@std@@U_Iterator_base12@2@@std@@QAE@PAU_Node@?$_List_nod@PAUitemDef_s@@V?$allocator@PAUitemDef_s@@@std@@@1@PBV?$_List_val@PAUitemDef_s@@V?$allocator@PAUitemDef_s@@@std@@@1@@Z 40080ca0 f i StackPanel.obj
 0002:00019d60       ??0?$_List_unchecked_const_iterator@V?$_List_val@PAVUIElement@@V?$allocator@PAVUIElement@@@std@@@std@@U_Iterator_base12@2@@std@@QAE@PAU_Node@?$_List_nod@PAVUIElement@@V?$allocator@PAVUIElement@@@std@@@1@PBV?$_List_val@PAVUIElement@@V?$allocator@PAVUIElement@@@std@@@1@@Z 40080d60 f i StackPanel.obj
 0002:00019e20       ?deallocate@?$allocator@U_Container_proxy@std@@@std@@QAEXPAU_Container_proxy@2@I@Z 40080e20 f i StackPanel.obj
 0002:00019e80       ?allocate@?$allocator@U_Container_proxy@std@@@std@@QAEPAU_Container_proxy@2@I@Z 40080e80 f i StackPanel.obj
 0002:00019ee0       ??0?$_Iterator012@Ubidirectional_iterator_tag@std@@PAUitemDef_s@@HPBQAU3@ABQAU3@U_Iterator_base12@2@@std@@QAE@XZ 40080ee0 f i StackPanel.obj
 0002:00019f40       ??0_Iterator_base12@std@@QAE@XZ 40080f40 f i StackPanel.obj
 0002:00019f90       ??0?$_Iterator012@Ubidirectional_iterator_tag@std@@PAVUIElement@@HPBQAV3@ABQAV3@U_Iterator_base12@2@@std@@QAE@XZ 40080f90 f i StackPanel.obj
 0002:00019ff0       ??$insert@V?$_List_const_iterator@V?$_List_val@PAVUIElement@@V?$allocator@PAVUIElement@@@std@@@std@@@std@@@?$list@PAVUIElement@@V?$allocator@PAVUIElement@@@std@@@std@@QAEXV?$_List_const_iterator@V?$_List_val@PAVUIElement@@V?$allocator@PAVUIElement@@@std@@@std@@@1@00@Z 40080ff0 f i StackPanel.obj
 0002:0001a170       ??$insert@V?$_List_const_iterator@V?$_List_val@PAUitemDef_s@@V?$allocator@PAUitemDef_s@@@std@@@std@@@std@@@?$list@PAUitemDef_s@@V?$allocator@PAUitemDef_s@@@std@@@std@@QAEXV?$_List_const_iterator@V?$_List_val@PAUitemDef_s@@V?$allocator@PAUitemDef_s@@@std@@@std@@@1@00@Z 40081170 f i StackPanel.obj
 0002:0001a2f0       ??$_Dest_val@V?$allocator@U_Node@?$_List_nod@PAVUIElement@@V?$allocator@PAVUIElement@@@std@@@std@@@std@@U_Node@?$_List_nod@PAVUIElement@@V?$allocator@PAVUIElement@@@std@@@2@@std@@YAXAAV?$allocator@U_Node@?$_List_nod@PAVUIElement@@V?$allocator@PAVUIElement@@@std@@@std@@@0@PAU_Node@?$_List_nod@PAVUIElement@@V?$allocator@PAVUIElement@@@std@@@0@@Z 400812f0 f i StackPanel.obj
 0002:0001a340       ??$?0PAVUIElement@@@?$allocator@U_Node@?$_List_nod@PAVUIElement@@V?$allocator@PAVUIElement@@@std@@@std@@@std@@QAE@ABV?$allocator@PAVUIElement@@@1@@Z 40081340 f i StackPanel.obj
 0002:0001a380       ??$?0U_Node@?$_List_nod@PAVUIElement@@V?$allocator@PAVUIElement@@@std@@@std@@@?$allocator@U_Container_proxy@std@@@std@@QAE@ABV?$allocator@U_Node@?$_List_nod@PAVUIElement@@V?$allocator@PAVUIElement@@@std@@@std@@@1@@Z 40081380 f i StackPanel.obj
 0002:0001a3c0       ??$_Cons_val@V?$allocator@U_Container_proxy@std@@@std@@U_Container_proxy@2@U32@@std@@YAXAAV?$allocator@U_Container_proxy@std@@@0@PAU_Container_proxy@0@$$QAU20@@Z 400813c0 f i StackPanel.obj
 0002:0001a420       ??$_Dest_val@V?$allocator@U_Container_proxy@std@@@std@@U_Container_proxy@2@@std@@YAXAAV?$allocator@U_Container_proxy@std@@@0@PAU_Container_proxy@0@@Z 40081420 f i StackPanel.obj
 0002:0001a470       ??$_Allocate@U_Node@?$_List_nod@PAVUIElement@@V?$allocator@PAVUIElement@@@std@@@std@@@std@@YAPAU_Node@?$_List_nod@PAVUIElement@@V?$allocator@PAVUIElement@@@std@@@0@IPAU120@@Z 40081470 f i StackPanel.obj
 0002:0001a520       ??0bad_alloc@std@@QAE@PBD@Z 40081520 f i StackPanel.obj
 0002:0001a590       ??1bad_alloc@std@@UAE@XZ   40081590 f i StackPanel.obj
 0002:0001a5f0       ??_Gbad_alloc@std@@UAEPAXI@Z 400815f0 f i StackPanel.obj
 0002:0001a5f0       ??_Ebad_alloc@std@@UAEPAXI@Z 400815f0 f i StackPanel.obj
 0002:0001a660       ??$_Dest_val@V?$allocator@U_Node@?$_List_nod@PAUitemDef_s@@V?$allocator@PAUitemDef_s@@@std@@@std@@@std@@U_Node@?$_List_nod@PAUitemDef_s@@V?$allocator@PAUitemDef_s@@@std@@@2@@std@@YAXAAV?$allocator@U_Node@?$_List_nod@PAUitemDef_s@@V?$allocator@PAUitemDef_s@@@std@@@std@@@0@PAU_Node@?$_List_nod@PAUitemDef_s@@V?$allocator@PAUitemDef_s@@@std@@@0@@Z 40081660 f i StackPanel.obj
 0002:0001a6b0       ??$?0PAUitemDef_s@@@?$allocator@U_Node@?$_List_nod@PAUitemDef_s@@V?$allocator@PAUitemDef_s@@@std@@@std@@@std@@QAE@ABV?$allocator@PAUitemDef_s@@@1@@Z 400816b0 f i StackPanel.obj
 0002:0001a6f0       ??$?0U_Node@?$_List_nod@PAUitemDef_s@@V?$allocator@PAUitemDef_s@@@std@@@std@@@?$allocator@U_Container_proxy@std@@@std@@QAE@ABV?$allocator@U_Node@?$_List_nod@PAUitemDef_s@@V?$allocator@PAUitemDef_s@@@std@@@std@@@1@@Z 400816f0 f i StackPanel.obj
 0002:0001a730       ??$_Allocate@U_Node@?$_List_nod@PAUitemDef_s@@V?$allocator@PAUitemDef_s@@@std@@@std@@@std@@YAPAU_Node@?$_List_nod@PAUitemDef_s@@V?$allocator@PAUitemDef_s@@@std@@@0@IPAU120@@Z 40081730 f i StackPanel.obj
 0002:0001a7e0       ??$_Allocate@U_Container_proxy@std@@@std@@YAPAU_Container_proxy@0@IPAU10@@Z 400817e0 f i StackPanel.obj
 0002:0001a890       ??0bad_alloc@std@@QAE@ABV01@@Z 40081890 f i StackPanel.obj
 0002:0001a900       ?destroy@?$allocator@U_Node@?$_List_nod@PAVUIElement@@V?$allocator@PAVUIElement@@@std@@@std@@@std@@QAEXPAU_Node@?$_List_nod@PAVUIElement@@V?$allocator@PAVUIElement@@@std@@@2@@Z 40081900 f i StackPanel.obj
 0002:0001a960       ?destroy@?$allocator@U_Node@?$_List_nod@PAUitemDef_s@@V?$allocator@PAUitemDef_s@@@std@@@std@@@std@@QAEXPAU_Node@?$_List_nod@PAUitemDef_s@@V?$allocator@PAUitemDef_s@@@std@@@2@@Z 40081960 f i StackPanel.obj
 0002:0001a9c0       ?construct@?$allocator@U_Container_proxy@std@@@std@@QAEXPAU_Container_proxy@2@$$QAU32@@Z 400819c0 f i StackPanel.obj
 0002:0001aad0       ??2@YAPAXIPAX@Z            40081ad0 f i StackPanel.obj
 0002:0001ab10       ??3@YAXPAX0@Z              40081b10 f i StackPanel.obj
 0002:0001ab40       ?destroy@?$allocator@U_Container_proxy@std@@@std@@QAEXPAU_Container_proxy@2@@Z 40081b40 f i StackPanel.obj
 0002:0001aba0       ??$_Iter_cat@V?$_List_const_iterator@V?$_List_val@PAVUIElement@@V?$allocator@PAVUIElement@@@std@@@std@@@std@@@std@@YA?AUbidirectional_iterator_tag@0@ABV?$_List_const_iterator@V?$_List_val@PAVUIElement@@V?$allocator@PAVUIElement@@@std@@@std@@@0@@Z 40081ba0 f i StackPanel.obj
 0002:0001ac20       ??$_Insert@V?$_List_const_iterator@V?$_List_val@PAVUIElement@@V?$allocator@PAVUIElement@@@std@@@std@@@std@@@?$list@PAVUIElement@@V?$allocator@PAVUIElement@@@std@@@std@@QAEXV?$_List_const_iterator@V?$_List_val@PAVUIElement@@V?$allocator@PAVUIElement@@@std@@@std@@@1@00Uforward_iterator_tag@1@@Z 40081c20 f i StackPanel.obj
 0002:0001af00       ?_Insert@?$list@PAVUIElement@@V?$allocator@PAVUIElement@@@std@@@std@@QAEXV?$_List_const_iterator@V?$_List_val@PAVUIElement@@V?$allocator@PAVUIElement@@@std@@@std@@@2@ABQAVUIElement@@@Z 40081f00 f i StackPanel.obj
 0002:0001b050       ?_Incsize@?$list@PAVUIElement@@V?$allocator@PAVUIElement@@@std@@@std@@QAEXI@Z 40082050 f i StackPanel.obj
 0002:0001b0e0       ?_Buynode@?$_List_val@PAVUIElement@@V?$allocator@PAVUIElement@@@std@@@std@@QAEPAU_Node@?$_List_nod@PAVUIElement@@V?$allocator@PAVUIElement@@@std@@@2@PAU342@0ABQAVUIElement@@@Z 400820e0 f i StackPanel.obj
 0002:0001b260       ?_Mynode@?$_List_unchecked_const_iterator@V?$_List_val@PAVUIElement@@V?$allocator@PAVUIElement@@@std@@@std@@U_Iterator_base12@2@@std@@QBEPAU_Node@?$_List_nod@PAVUIElement@@V?$allocator@PAVUIElement@@@std@@@2@XZ 40082260 f i StackPanel.obj
 0002:0001b2a0       ?max_size@?$list@PAVUIElement@@V?$allocator@PAVUIElement@@@std@@@std@@QBEIXZ 400822a0 f i StackPanel.obj
 0002:0001b300       ?max_size@?$allocator@PAVUIElement@@@std@@QBEIXZ 40082300 f i StackPanel.obj
 0002:0001b370       ??$addressof@PAVUIElement@@@std@@YAPAPAVUIElement@@AAPAV1@@Z 40082370 f i StackPanel.obj
 0002:0001b3b0       ??$_Cons_val@V?$allocator@PAVUIElement@@@std@@PAVUIElement@@ABQAV3@@std@@YAXAAV?$allocator@PAVUIElement@@@0@PAPAVUIElement@@ABQAV2@@Z 400823b0 f i StackPanel.obj
 0002:0001b410       ?construct@?$allocator@PAVUIElement@@@std@@QAEXPAPAVUIElement@@ABQAV3@@Z 40082410 f i StackPanel.obj
 0002:0001b470       ??$_Iter_cat@V?$_List_const_iterator@V?$_List_val@PAUitemDef_s@@V?$allocator@PAUitemDef_s@@@std@@@std@@@std@@@std@@YA?AUbidirectional_iterator_tag@0@ABV?$_List_const_iterator@V?$_List_val@PAUitemDef_s@@V?$allocator@PAUitemDef_s@@@std@@@std@@@0@@Z 40082470 f i StackPanel.obj
 0002:0001b4f0       ??$_Insert@V?$_List_const_iterator@V?$_List_val@PAUitemDef_s@@V?$allocator@PAUitemDef_s@@@std@@@std@@@std@@@?$list@PAUitemDef_s@@V?$allocator@PAUitemDef_s@@@std@@@std@@QAEXV?$_List_const_iterator@V?$_List_val@PAUitemDef_s@@V?$allocator@PAUitemDef_s@@@std@@@std@@@1@00Uforward_iterator_tag@1@@Z 400824f0 f i StackPanel.obj
 0002:0001b7d0       ?_Insert@?$list@PAUitemDef_s@@V?$allocator@PAUitemDef_s@@@std@@@std@@QAEXV?$_List_const_iterator@V?$_List_val@PAUitemDef_s@@V?$allocator@PAUitemDef_s@@@std@@@std@@@2@ABQAUitemDef_s@@@Z 400827d0 f i StackPanel.obj
 0002:0001b920       ?_Incsize@?$list@PAUitemDef_s@@V?$allocator@PAUitemDef_s@@@std@@@std@@QAEXI@Z 40082920 f i StackPanel.obj
 0002:0001b9b0       ?_Buynode@?$_List_val@PAUitemDef_s@@V?$allocator@PAUitemDef_s@@@std@@@std@@QAEPAU_Node@?$_List_nod@PAUitemDef_s@@V?$allocator@PAUitemDef_s@@@std@@@2@PAU342@0ABQAUitemDef_s@@@Z 400829b0 f i StackPanel.obj
 0002:0001bb30       ?_Mynode@?$_List_unchecked_const_iterator@V?$_List_val@PAUitemDef_s@@V?$allocator@PAUitemDef_s@@@std@@@std@@U_Iterator_base12@2@@std@@QBEPAU_Node@?$_List_nod@PAUitemDef_s@@V?$allocator@PAUitemDef_s@@@std@@@2@XZ 40082b30 f i StackPanel.obj
 0002:0001bb70       ?max_size@?$list@PAUitemDef_s@@V?$allocator@PAUitemDef_s@@@std@@@std@@QBEIXZ 40082b70 f i StackPanel.obj
 0002:0001bbd0       ?max_size@?$allocator@PAUitemDef_s@@@std@@QBEIXZ 40082bd0 f i StackPanel.obj
 0002:0001bc40       ??$addressof@PAUitemDef_s@@@std@@YAPAPAUitemDef_s@@AAPAU1@@Z 40082c40 f i StackPanel.obj
 0002:0001bc80       ??$_Cons_val@V?$allocator@PAUitemDef_s@@@std@@PAUitemDef_s@@ABQAU3@@std@@YAXAAV?$allocator@PAUitemDef_s@@@0@PAPAUitemDef_s@@ABQAU2@@Z 40082c80 f i StackPanel.obj
 0002:0001bce0       ?construct@?$allocator@PAUitemDef_s@@@std@@QAEXPAPAUitemDef_s@@ABQAU3@@Z 40082ce0 f i StackPanel.obj
 0002:0001bd40       ??$forward@ABQAVUIElement@@@std@@YAABQAVUIElement@@ABQAV1@@Z 40082d40 f i StackPanel.obj
 0002:0001bd80       ??$forward@U_Container_proxy@std@@@std@@YA$$QAU_Container_proxy@0@AAU10@@Z 40082d80 f i StackPanel.obj
 0002:0001bdc0       ??$forward@ABQAUitemDef_s@@@std@@YAABQAUitemDef_s@@ABQAU1@@Z 40082dc0 f i StackPanel.obj
 0002:0001be00       ??$_Construct@PAVUIElement@@ABQAV1@@std@@YAXPAPAVUIElement@@ABQAV1@@Z 40082e00 f i StackPanel.obj
 0002:0001bf00       ??$_Destroy@U_Node@?$_List_nod@PAVUIElement@@V?$allocator@PAVUIElement@@@std@@@std@@@std@@YAXPAU_Node@?$_List_nod@PAVUIElement@@V?$allocator@PAVUIElement@@@std@@@0@@Z 40082f00 f i StackPanel.obj
 0002:0001bf30       ??$_Construct@PAUitemDef_s@@ABQAU1@@std@@YAXPAPAUitemDef_s@@ABQAU1@@Z 40082f30 f i StackPanel.obj
 0002:0001c030       ??$_Destroy@U_Node@?$_List_nod@PAUitemDef_s@@V?$allocator@PAUitemDef_s@@@std@@@std@@@std@@YAXPAU_Node@?$_List_nod@PAUitemDef_s@@V?$allocator@PAUitemDef_s@@@std@@@0@@Z 40083030 f i StackPanel.obj
 0002:0001c060       ??$_Destroy@U_Container_proxy@std@@@std@@YAXPAU_Container_proxy@0@@Z 40083060 f i StackPanel.obj
 0002:0001c090       ?erase@?$list@PAVUIElement@@V?$allocator@PAVUIElement@@@std@@@std@@QAE?AV?$_List_iterator@V?$_List_val@PAVUIElement@@V?$allocator@PAVUIElement@@@std@@@std@@@2@V?$_List_const_iterator@V?$_List_val@PAVUIElement@@V?$allocator@PAVUIElement@@@std@@@std@@@2@@Z 40083090 f i StackPanel.obj
 0002:0001c2e0       ?erase@?$list@PAUitemDef_s@@V?$allocator@PAUitemDef_s@@@std@@@std@@QAE?AV?$_List_iterator@V?$_List_val@PAUitemDef_s@@V?$allocator@PAUitemDef_s@@@std@@@std@@@2@V?$_List_const_iterator@V?$_List_val@PAUitemDef_s@@V?$allocator@PAUitemDef_s@@@std@@@std@@@2@@Z 400832e0 f i StackPanel.obj
 0002:0001c530       ??F?$_List_const_iterator@V?$_List_val@PAUitemDef_s@@V?$allocator@PAUitemDef_s@@@std@@@std@@@std@@QAEAAV01@XZ 40083530 f i StackPanel.obj
 0002:0001c650       ??F?$_List_const_iterator@V?$_List_val@PAVUIElement@@V?$allocator@PAVUIElement@@@std@@@std@@@std@@QAEAAV01@XZ 40083650 f i StackPanel.obj
 0002:0001c770       ?_Make_iter@?$list@PAVUIElement@@V?$allocator@PAVUIElement@@@std@@@std@@QBE?AV?$_List_iterator@V?$_List_val@PAVUIElement@@V?$allocator@PAVUIElement@@@std@@@std@@@2@V?$_List_const_iterator@V?$_List_val@PAVUIElement@@V?$allocator@PAVUIElement@@@std@@@std@@@2@@Z 40083770 f i StackPanel.obj
 0002:0001c840       ?_Make_iter@?$list@PAUitemDef_s@@V?$allocator@PAUitemDef_s@@@std@@@std@@QBE?AV?$_List_iterator@V?$_List_val@PAUitemDef_s@@V?$allocator@PAUitemDef_s@@@std@@@std@@@2@V?$_List_const_iterator@V?$_List_val@PAUitemDef_s@@V?$allocator@PAUitemDef_s@@@std@@@std@@@2@@Z 40083840 f i StackPanel.obj
 0002:0001c910       ??E?$_List_const_iterator@V?$_List_val@PAUitemDef_s@@V?$allocator@PAUitemDef_s@@@std@@@std@@@std@@QAE?AV01@H@Z 40083910 f i StackPanel.obj
 0002:0001ca30       ??E?$_List_const_iterator@V?$_List_val@PAVUIElement@@V?$allocator@PAVUIElement@@@std@@@std@@@std@@QAE?AV01@H@Z 40083a30 f i StackPanel.obj
 0002:0001cb50       ??$_Debug_range@V?$_List_const_iterator@V?$_List_val@PAVUIElement@@V?$allocator@PAVUIElement@@@std@@@std@@@std@@@std@@YAXV?$_List_const_iterator@V?$_List_val@PAVUIElement@@V?$allocator@PAVUIElement@@@std@@@std@@@0@0PB_WI@Z 40083b50 f i StackPanel.obj
 0002:0001cc80       ??$_Debug_range@V?$_List_const_iterator@V?$_List_val@PAUitemDef_s@@V?$allocator@PAUitemDef_s@@@std@@@std@@@std@@@std@@YAXV?$_List_const_iterator@V?$_List_val@PAUitemDef_s@@V?$allocator@PAUitemDef_s@@@std@@@std@@@0@0PB_WI@Z 40083c80 f i StackPanel.obj
 0002:0001cdb0       ??$_Debug_range2@V?$_List_const_iterator@V?$_List_val@PAVUIElement@@V?$allocator@PAVUIElement@@@std@@@std@@@std@@@std@@YAXV?$_List_const_iterator@V?$_List_val@PAVUIElement@@V?$allocator@PAVUIElement@@@std@@@std@@@0@0PB_WIUinput_iterator_tag@0@@Z 40083db0 f i StackPanel.obj
 0002:0001ce70       ??$_Debug_range2@V?$_List_const_iterator@V?$_List_val@PAUitemDef_s@@V?$allocator@PAUitemDef_s@@@std@@@std@@@std@@@std@@YAXV?$_List_const_iterator@V?$_List_val@PAUitemDef_s@@V?$allocator@PAUitemDef_s@@@std@@@std@@@0@0PB_WIUinput_iterator_tag@0@@Z 40083e70 f i StackPanel.obj
 0002:0001cf30       ?Com_Error@@YAXHPBDZZ      40083f30 f   ui_atoms.obj
 0002:0001d010       ?Com_Printf@@YAXPBDZZ      40084010 f   ui_atoms.obj
 0002:0001d0f0       ?UI_ClampCvar@@YAMMMM@Z    400840f0 f   ui_atoms.obj
 0002:0001d160       ?UI_StartDemoLoop@@YAXXZ   40084160 f   ui_atoms.obj
 0002:0001d1c0       ?UI_Argv@@YAPADH@Z         400841c0 f   ui_atoms.obj
 0002:0001d220       ?UI_Cvar_VariableString@@YAPADPBD@Z 40084220 f   ui_atoms.obj
 0002:0001d280       ?UI_SetBestScores@@YAXPAUpostGameInfo_s@@W4qboolean@@@Z 40084280 f   ui_atoms.obj
 0002:0001d810       ?UI_LoadBestScores@@YAXPBDH@Z 40084810 f   ui_atoms.obj
 0002:0001da30       ?UI_ClearScores@@YAXXZ     40084a30 f   ui_atoms.obj
 0002:0001dca0       ?UI_ConsoleCommand@@YA?AW4qboolean@@H@Z 40084ca0 f   ui_atoms.obj
 0002:0001e6f0       ?UI_Shutdown@@YAXXZ        400856f0 f   ui_atoms.obj
 0002:0001e720       ?UI_DrawNamedPic@@YAXMMMMPBD@Z 40085720 f   ui_atoms.obj
 0002:0001e7d0       ?UI_DrawHandlePic@@YAXMMMMH@Z 400857d0 f   ui_atoms.obj
 0002:0001e8e0       ?UI_FillRect@@YAXMMMMPBM@Z 400858e0 f   ui_atoms.obj
 0002:0001e990       ?UI_DrawSides@@YAXMMMM@Z   40085990 f   ui_atoms.obj
 0002:0001ea90       ?UI_DrawTopBottom@@YAXMMMM@Z 40085a90 f   ui_atoms.obj
 0002:0001eb90       ?UI_DrawRect@@YAXMMMMPBM@Z 40085b90 f   ui_atoms.obj
 0002:0001ec50       ?UI_SetColor@@YAXPBM@Z     40085c50 f   ui_atoms.obj
 0002:0001eca0       ?UI_UpdateScreen@@YAXXZ    40085ca0 f   ui_atoms.obj
 0002:0001ecf0       ?UI_DrawTextBox@@YAXHHHH@Z 40085cf0 f   ui_atoms.obj
 0002:0001ee40       ?UI_CursorInRect@@YA?AW4qboolean@@HHHH@Z 40085e40 f   ui_atoms.obj
 0002:0001eec0       ?UI_InitForceShaders@@YAXXZ 40085ec0 f   ui_force.obj
 0002:0001f180       ?NumberOfSkillRanks@@YAHH@Z 40086180 f   ui_force.obj
 0002:0001f210       ?UI_DrawForceStars@@YAXPAVRectangle@@MQAMHHHHH@Z 40086210 f   ui_force.obj
 0002:0001f490       ?UI_UpdateClientForcePowers@@YAXPBD@Z 40086490 f   ui_force.obj
 0002:0001f660       ?UI_TranslateFCFIndex@@YAHH@Z 40086660 f   ui_force.obj
 0002:0001f6c0       ?UI_SaveForceTemplate@@YAXXZ 400866c0 f   ui_force.obj
 0002:0001fab0       ?UpdateForceUsed@@YAXXZ    40086ab0 f   ui_force.obj
 0002:00020dc0       ?UI_ReadLegalForce@@YAXXZ  40087dc0 f   ui_force.obj
 0002:00021580       ?UI_UpdateForcePowers@@YAXXZ 40088580 f   ui_force.obj
 0002:00021b30       ?UI_SkinColor_HandleKey@@YA?AW4qboolean@@HPAMHHHHH@Z 40088b30 f   ui_force.obj
 0002:00021c30       ?UI_ForceSide_HandleKey@@YA?AW4qboolean@@HPAMHHHHH@Z 40088c30 f   ui_force.obj
 0002:00021e40       ?UI_JediNonJedi_HandleKey@@YA?AW4qboolean@@HPAMHHHHH@Z 40088e40 f   ui_force.obj
 0002:000220c0       ?UI_ForceMaxRank_HandleKey@@YA?AW4qboolean@@HPAMHHHHH@Z 400890c0 f   ui_force.obj
 0002:000221d0       ?UI_ForcePowerRank_HandleKey@@YA?AW4qboolean@@HPAMHHHHH@Z 400891d0 f   ui_force.obj
 0002:00022530       ?UI_ForceConfigHandle@@YAXHH@Z 40089530 f   ui_force.obj
 0002:00022d40       ?UI_ParseInfos@@YAHPADHQAPAD@Z 40089d40 f   ui_gameinfo.obj
 0002:000230c0       ?UI_LoadArenas@@YAXXZ      4008a0c0 f   ui_gameinfo.obj
 0002:000237f0       ?strstr@@YAPADPADPBD@Z     4008a7f0 f i ui_gameinfo.obj
 0002:00023a00       ?UI_LoadBots@@YAXXZ        4008aa00 f   ui_gameinfo.obj
 0002:00023e70       ?UI_GetBotInfoByNumber@@YAPADH@Z 4008ae70 f   ui_gameinfo.obj
 0002:00023f00       ?UI_GetBotInfoByName@@YAPADPBD@Z 4008af00 f   ui_gameinfo.obj
 0002:00023fc0       ?UI_GetNumBots@@YAHXZ      4008afc0 f   ui_gameinfo.obj
 0002:00024000       ?UI_GetBotNameByNumber@@YAPADH@Z 4008b000 f   ui_gameinfo.obj
 0002:00024080       ?vmMain@@YAHHHHHHHHHHHHHH@Z 4008b080 f   ui_main.obj
 0002:00024290       ?UI_AnimsetAlloc@@YAPAUanimation_s@@XZ 4008b290 f   ui_main.obj
 0002:00024330       ?siege_Str@@YAPADXZ        4008b330 f   ui_main.obj
 0002:00024390       ?siege_Cvar_Set@@YAXPBD0@Z 4008b390 f   ui_main.obj
 0002:000245a0       ?siege_Cvar_VariableStringBuffer@@YAXPAD0H@Z 4008b5a0 f   ui_main.obj
 0002:00024710       ?siege_Cvar_VariableValue@@YAHPAD@Z 4008b710 f   ui_main.obj
 0002:00024890       ?UI_ParseAnimationFile@@YAHPBDPAUanimation_s@@W4qboolean@@@Z 4008b890 f   ui_main.obj
 0002:00024e50       ?ceil@@YAMM@Z              4008be50 f i ui_main.obj
 0002:00024eb0       _ceilf                     4008beb0 f i ui_main.obj
 0002:00024f20       ?floor@@YAMM@Z             4008bf20 f i ui_main.obj
 0002:00024f80       _floorf                    4008bf80 f i ui_main.obj
 0002:00024ff0       ?UI_TeamName@@YAPBDH@Z     4008bff0 f   ui_main.obj
 0002:00025060       ?AssetCache@@YAXXZ         4008c060 f   ui_main.obj
 0002:000252f0       ?_UI_DrawSides@@YAXMMMMM@Z 4008c2f0 f   ui_main.obj
 0002:00025400       ?_UI_DrawTopBottom@@YAXMMMMM@Z 4008c400 f   ui_main.obj
 0002:00025510       ?_UI_DrawRect@@YAXMMMMMPBM@Z 4008c510 f   ui_main.obj
 0002:000255e0       ?MenuFontToHandle@@YAHH@Z  4008c5e0 f   ui_main.obj
 0002:00025690       ?Text_Width@@YAHPBDMH@Z    4008c690 f   ui_main.obj
 0002:00025700       ?Text_Height@@YAHPBDMH@Z   4008c700 f   ui_main.obj
 0002:00025770       ?Text_Paint@@YAXMMMQAMPBDMHHH@Z 4008c770 f   ui_main.obj
 0002:000258d0       ?Text_PaintWithCursor@@YAXMMMQAMPBDHDHHH@Z 4008c8d0 f   ui_main.obj
 0002:00025b80       ?UI_ShowPostGame@@YAXW4qboolean@@@Z 4008cb80 f   ui_main.obj
 0002:00025c20       ?UI_DrawCenteredPic@@YAXHHH@Z 4008cc20 f   ui_main.obj
 0002:00025cc0       ?UI_GetStringEdString@@YAPBDPBD0@Z 4008ccc0 f   ui_main.obj
 0002:00025d40       ?_UI_Refresh@@YAXH@Z       4008cd40 f   ui_main.obj
 0002:00026040       ?_UI_Shutdown@@YAXXZ       4008d040 f   ui_main.obj
 0002:000260a0       ?GetMenuBuffer@@YAPADPBD@Z 4008d0a0 f   ui_main.obj
 0002:000261f0       ?Asset_Parse@@YA?AW4qboolean@@H@Z 4008d1f0 f   ui_main.obj
 0002:00026d80       ?UI_Report@@YAXXZ          4008dd80 f   ui_main.obj
 0002:00026dd0       ?UI_ParseMenu@@YAXPBD@Z    4008ddd0 f   ui_main.obj
 0002:00026f60       ?UI_LoadSingleMenuFile@@YAXPBD@Z 4008df60 f   ui_main.obj
 0002:00026fd0       ?Load_Menu@@YA?AW4qboolean@@H@Z 4008dfd0 f   ui_main.obj
 0002:00027110       ?UI_LoadMenus@@YAXPBDW4qboolean@@@Z 4008e110 f   ui_main.obj
 0002:00027300       ?UI_Load@@YAXXZ            4008e300 f   ui_main.obj
 0002:00027480       ?UI_HasSetSaberOnly@@YA?AW4qboolean@@XZ 4008e480 f   ui_main.obj
 0002:00027660       ?UI_TrueJediEnabled@@YA?AW4qboolean@@XZ 4008e660 f   ui_main.obj
 0002:000278c0       ?UpdateBotButtons@@YAXXZ   4008e8c0 f   ui_main.obj
 0002:00027990       ?UpdateForceStatus@@YAXXZ  4008e990 f   ui_main.obj
 0002:000281a0       ?UI_ServersSort@@YAXHW4qboolean@@@Z 4008f1a0 f   ui_main.obj
 0002:00028290       ?UI_UpdateVideoSetup@@YAXXZ 4008f290 f   ui_main.obj
 0002:00028500       ?UI_GetVideoSetup@@YAXXZ   4008f500 f   ui_main.obj
 0002:00028970       ?UI_SetSiegeObjectiveGraphicPos@@YAXPAUmenuDef_t@@PBD1@Z 4008f970 f   ui_main.obj
 0002:00028bb0       ?UI_FindCurrentSiegeTeamClass@@YAXXZ 4008fbb0 f   ui_main.obj
 0002:00028da0       ?UI_UpdateSiegeObjectiveGraphics@@YAXXZ 4008fda0 f   ui_main.obj
 0002:00029030       ?UI_UpdateCharacterSkin@@YAXXZ 40090030 f   ui_main.obj
 0002:00029230       ?UI_ClampMaxPlayers@@YAXXZ 40090230 f   ui_main.obj
 0002:000293b0       ?UI_UpdateSiegeStatusIcons@@YAXXZ 400903b0 f   ui_main.obj
 0002:00029590       ?UI_hasSkinForBase@@YA?AW4qboolean@@PBD0@Z 40090590 f   ui_main.obj
 0002:0002a8f0       ?UI_SiegeClassNum@@YAHPAUsiegeClass_t@@@Z 400918f0 f   ui_main.obj
 0002:0002a970       ?UI_SetSiegeTeams@@YAXXZ   40091970 f   ui_main.obj
 0002:0002aed0       ?UI_SiegeSetCvarsForClass@@YAXPAUsiegeClass_t@@@Z 40091ed0 f   ui_main.obj
 0002:0002b620       ?UI_UpdateCvarsForClass@@YAXHHH@Z 40092620 f   ui_main.obj
 0002:0002b7d0       ?UI_FeederSelection@@YA?AW4qboolean@@MHPAUitemDef_s@@@Z 400927d0 f   ui_main.obj
 0002:0002d090       ?UI_LoadForceConfig_List@@YAXXZ 40094090 f   ui_main.obj
 0002:0002d380       ?UI_SiegeInit@@YAXXZ       40094380 f   ui_main.obj
 0002:0002d470       ?_UI_Init@@YAXW4qboolean@@@Z 40094470 f   ui_main.obj
 0002:0003ca40       ?strrchr@@YAPADPADH@Z      400a3a40 f i ui_main.obj
 0002:00042120       ?_UI_KeyEvent@@YAXHW4qboolean@@@Z 400a9120 f   ui_main.obj
 0002:000421f0       ?_UI_MouseEvent@@YAXHH@Z   400a91f0 f   ui_main.obj
 0002:000422e0       ?UI_LoadNonIngame@@YAXXZ   400a92e0 f   ui_main.obj
 0002:00042370       ?_UI_SetActiveMenu@@YAXH@Z 400a9370 f   ui_main.obj
 0002:000427f0       ?_UI_IsFullscreen@@YA?AW4qboolean@@XZ 400a97f0 f   ui_main.obj
 0002:00042840       ?Text_PaintCenter@@YAXMMMQAMPBDMH@Z 400a9840 f   ui_main.obj
 0002:00042910       ?UI_DrawConnectScreen@@YAXW4qboolean@@@Z 400a9910 f   ui_main.obj
 0002:00043e50       ?UI_RegisterCvars@@YAXXZ   400aae50 f   ui_main.obj
 0002:00043f00       ?UI_UpdateCvars@@YAXXZ     400aaf00 f   ui_main.obj
 0002:00044520       ?UI_AllocMem@@YAXPAPADH@Z  400ab520 f   ui_main.obj
 0002:00044590       ?UI_FreeMem@@YAXPAX@Z      400ab590 f   ui_main.obj
 0002:000445e0       ?UI_ReaAllocMem@@YAXPAPADHH@Z 400ab5e0 f   ui_main.obj
 0002:00044670       ?UI_CacheSaberGlowGraphics@@YAXXZ 400ab670 f   ui_saber.obj
 0002:00044820       ?UI_ParseLiteral@@YA?AW4qboolean@@PAPBDPBD@Z 400ab820 f   ui_saber.obj
 0002:000448e0       ?UI_ParseLiteralSilent@@YA?AW4qboolean@@PAPBDPBD@Z 400ab8e0 f   ui_saber.obj
 0002:00044970       ?UI_SaberParseParm@@YA?AW4qboolean@@PBD0PAD@Z 400ab970 f   ui_saber.obj
 0002:00044ba0       ?UI_SaberModelForSaber@@YA?AW4qboolean@@PBDPAD@Z 400abba0 f   ui_saber.obj
 0002:00044c00       ?UI_SaberSkinForSaber@@YA?AW4qboolean@@PBDPAD@Z 400abc00 f   ui_saber.obj
 0002:00044c60       ?UI_SaberTypeForSaber@@YA?AW4qboolean@@PBDPAD@Z 400abc60 f   ui_saber.obj
 0002:00044cc0       ?UI_SaberNumBladesForSaber@@YAHPBD@Z 400abcc0 f   ui_saber.obj
 0002:00044dd0       ?UI_SaberShouldDrawBlade@@YA?AW4qboolean@@PBDH@Z 400abdd0 f   ui_saber.obj
 0002:00044fb0       ?UI_IsSaberTwoHanded@@YA?AW4qboolean@@PBD@Z 400abfb0 f   ui_saber.obj
 0002:000450b0       ?UI_SaberBladeLengthForSaber@@YAMPBDH@Z 400ac0b0 f   ui_saber.obj
 0002:00045230       ?UI_SaberBladeRadiusForSaber@@YAMPBDH@Z 400ac230 f   ui_saber.obj
 0002:000453b0       ?UI_SaberProperNameForSaber@@YA?AW4qboolean@@PBDPAD@Z 400ac3b0 f   ui_saber.obj
 0002:000454e0       ?UI_SaberValidForPlayerInMP@@YA?AW4qboolean@@PBD@Z 400ac4e0 f   ui_saber.obj
 0002:000455e0       ?UI_FreeSabers@@YAXXZ      400ac5e0 f   ui_saber.obj
 0002:00045640       ?UI_SaberLoadParms@@YAXXZ  400ac640 f   ui_saber.obj
 0002:00045a70       ?RGB_LerpColor@@YAXQAM0M0@Z 400aca70 f   ui_saber.obj
 0002:00045ba0       ?getint@@YAHPAPAD@Z        400acba0 f   ui_saber.obj
 0002:00045c10       ?ParseRGBSaber@@YAXPADQAM@Z 400acc10 f   ui_saber.obj
 0002:00045ce0       ?UI_ParseScriptedSaber@@YAXPADH@Z 400acce0 f   ui_saber.obj
 0002:00045e50       ?RGB_AdjustSciptedSaberColor@@YAXQAMH@Z 400ace50 f   ui_saber.obj
 0002:000460b0       ?RGB_RandomRGB@@YAXQAM@Z   400ad0b0 f   ui_saber.obj
 0002:00046190       ?RGB_AdjustPimpSaberColor@@YAXQAMH@Z 400ad190 f   ui_saber.obj
 0002:00046400       ?UI_DoSaber@@YAXQAM0MMMHH@Z 400ad400 f   ui_saber.obj
 0002:00046cf0       ?SaberColorToString@@YAPADH@Z 400adcf0 f   ui_saber.obj
 0002:00046de0       ?TranslateSaberColor@@YAHPBD@Z 400adde0 f   ui_saber.obj
 0002:00046ff0       ?TranslateSaberType@@YA?AW4saberType_t@@PBD@Z 400adff0 f   ui_saber.obj
 0002:00047200       ?UI_SaberDrawBlade@@YAXPAUitemDef_s@@PADHW4saberType_t@@QAM3H@Z 400ae200 f   ui_saber.obj
 0002:00048cb0       ?UI_GetSaberForMenu@@YAXPADH@Z 400afcb0 f   ui_saber.obj
 0002:00048f30       ?UI_SaberDrawBlades@@YAXPAUitemDef_s@@QAM1@Z 400aff30 f   ui_saber.obj
 0002:00049290       ?UI_SaberAttachToChar@@YAXPAUitemDef_s@@@Z 400b0290 f   ui_saber.obj
 0002:000495b0       ?UI_GetSaberHiltInfo@@YAPADW4qboolean@@H@Z 400b05b0 f   ui_saber.obj
 0002:00049660       ?UI_GetSaberCount@@YAHW4qboolean@@@Z 400b0660 f   ui_saber.obj
 0002:000496b0       ?UI_SaberGetHiltInfo@@YAXXZ 400b06b0 f   ui_saber.obj
 0002:000498b0       ?resize@?$vector@PADV?$allocator@PAD@std@@@std@@QAEXI@Z 400b08b0 f i ui_saber.obj
 0002:00049b20       ?size@?$vector@PADV?$allocator@PAD@std@@@std@@QBEIXZ 400b0b20 f i ui_saber.obj
 0002:00049b70       ??A?$vector@PADV?$allocator@PAD@std@@@std@@QAEAAPADI@Z 400b0b70 f i ui_saber.obj
 0002:00049c60       ??1?$_Vector_iterator@V?$_Vector_val@PADV?$allocator@PAD@std@@@std@@@std@@QAE@XZ 400b0c60 f i ui_saber.obj
 0002:00049cb0       ??0?$_Vector_const_iterator@V?$_Vector_val@PADV?$allocator@PAD@std@@@std@@@std@@QAE@ABV01@@Z 400b0cb0 f i ui_saber.obj
 0002:00049d20       ??1?$_Vector_const_iterator@V?$_Vector_val@PADV?$allocator@PAD@std@@@std@@@std@@QAE@XZ 400b0d20 f i ui_saber.obj
 0002:00049d70       ??0?$_Iterator012@Urandom_access_iterator_tag@std@@PADHPBQADABQADU_Iterator_base12@2@@std@@QAE@ABU01@@Z 400b0d70 f i ui_saber.obj
 0002:00049dd0       ??1?$_Iterator012@Urandom_access_iterator_tag@std@@PADHPBQADABQADU_Iterator_base12@2@@std@@QAE@XZ 400b0dd0 f i ui_saber.obj
 0002:00049e20       ?begin@?$vector@PADV?$allocator@PAD@std@@@std@@QAE?AV?$_Vector_iterator@V?$_Vector_val@PADV?$allocator@PAD@std@@@std@@@2@XZ 400b0e20 f i ui_saber.obj
 0002:00049eb0       ?end@?$vector@PADV?$allocator@PAD@std@@@std@@QAE?AV?$_Vector_iterator@V?$_Vector_val@PADV?$allocator@PAD@std@@@std@@@2@XZ 400b0eb0 f i ui_saber.obj
 0002:00049f40       ?erase@?$vector@PADV?$allocator@PAD@std@@@std@@QAE?AV?$_Vector_iterator@V?$_Vector_val@PADV?$allocator@PAD@std@@@std@@@2@V?$_Vector_const_iterator@V?$_Vector_val@PADV?$allocator@PAD@std@@@std@@@2@0@Z 400b0f40 f i ui_saber.obj
 0002:0004a1d0       ?_Reserve@?$vector@PADV?$allocator@PAD@std@@@std@@IAEXI@Z 400b11d0 f i ui_saber.obj
 0002:0004a280       ??H?$_Vector_iterator@V?$_Vector_val@PADV?$allocator@PAD@std@@@std@@@std@@QBE?AV01@H@Z 400b1280 f i ui_saber.obj
 0002:0004a3a0       ??0?$_Vector_iterator@V?$_Vector_val@PADV?$allocator@PAD@std@@@std@@@std@@QAE@ABV01@@Z 400b13a0 f i ui_saber.obj
 0002:0004a400       ?reserve@?$vector@PADV?$allocator@PAD@std@@@std@@QAEXI@Z 400b1400 f i ui_saber.obj
 0002:0004a5d0       ?capacity@?$vector@PADV?$allocator@PAD@std@@@std@@QBEIXZ 400b15d0 f i ui_saber.obj
 0002:0004a620       ?_Make_iter@?$vector@PADV?$allocator@PAD@std@@@std@@QBE?AV?$_Vector_iterator@V?$_Vector_val@PADV?$allocator@PAD@std@@@std@@@2@V?$_Vector_const_iterator@V?$_Vector_val@PADV?$allocator@PAD@std@@@std@@@2@@Z 400b1620 f i ui_saber.obj
 0002:0004a6f0       ?max_size@?$vector@PADV?$allocator@PAD@std@@@std@@QBEIXZ 400b16f0 f i ui_saber.obj
 0002:0004a750       ?_Destroy@?$vector@PADV?$allocator@PAD@std@@@std@@IAEXPAPAD0@Z 400b1750 f i ui_saber.obj
 0002:0004a7c0       ?_Grow_to@?$vector@PADV?$allocator@PAD@std@@@std@@IBEII@Z 400b17c0 f i ui_saber.obj
 0002:0004a870       ?_Xlen@?$vector@PADV?$allocator@PAD@std@@@std@@IBEXXZ 400b1870 f i ui_saber.obj
 0002:0004a8d0       ?_Orphan_range@?$vector@PADV?$allocator@PAD@std@@@std@@IBEXPAPAD0@Z 400b18d0 f i ui_saber.obj
 0002:0004aa30       ?deallocate@?$allocator@PAD@std@@QAEXPAPADI@Z 400b1a30 f i ui_saber.obj
 0002:0004aa90       ??0?$_Vector_iterator@V?$_Vector_val@PADV?$allocator@PAD@std@@@std@@@std@@QAE@PAPADPBU_Container_base12@1@@Z 400b1a90 f i ui_saber.obj
 0002:0004aaf0       ??Y?$_Vector_iterator@V?$_Vector_val@PADV?$allocator@PAD@std@@@std@@@std@@QAEAAV01@H@Z 400b1af0 f i ui_saber.obj
 0002:0004ab50       ??9?$_Vector_const_iterator@V?$_Vector_val@PADV?$allocator@PAD@std@@@std@@@std@@QBE_NABV01@@Z 400b1b50 f i ui_saber.obj
 0002:0004abc0       ??M?$_Vector_const_iterator@V?$_Vector_val@PADV?$allocator@PAD@std@@@std@@@std@@QBE_NABV01@@Z 400b1bc0 f i ui_saber.obj
 0002:0004ac30       ?allocate@?$allocator@PAD@std@@QAEPAPADI@Z 400b1c30 f i ui_saber.obj
 0002:0004ac90       ?max_size@?$allocator@PAD@std@@QBEIXZ 400b1c90 f i ui_saber.obj
 0002:0004ad00       ??0?$_Vector_const_iterator@V?$_Vector_val@PADV?$allocator@PAD@std@@@std@@@std@@QAE@PAPADPBU_Container_base12@1@@Z 400b1d00 f i ui_saber.obj
 0002:0004adc0       ??Y?$_Vector_const_iterator@V?$_Vector_val@PADV?$allocator@PAD@std@@@std@@@std@@QAEAAV01@H@Z 400b1dc0 f i ui_saber.obj
 0002:0004aef0       ??8?$_Vector_const_iterator@V?$_Vector_val@PADV?$allocator@PAD@std@@@std@@@std@@QBE_NABV01@@Z 400b1ef0 f i ui_saber.obj
 0002:0004af60       ?_Compat@?$_Vector_const_iterator@V?$_Vector_val@PADV?$allocator@PAD@std@@@std@@@std@@QBEXABV12@@Z 400b1f60 f i ui_saber.obj
 0002:0004b050       ??0?$_Iterator012@Urandom_access_iterator_tag@std@@PADHPBQADABQADU_Iterator_base12@2@@std@@QAE@XZ 400b2050 f i ui_saber.obj
 0002:0004b0b0       ??$_Uninitialized_default_fill_n@PAPADIPADV?$allocator@PAD@std@@@std@@YAXPAPADIPBQADAAV?$allocator@PAD@0@@Z 400b20b0 f i ui_saber.obj
 0002:0004b150       ??$_Move@PAPADPAPAD@std@@YAPAPADPAPAD00@Z 400b2150 f i ui_saber.obj
 0002:0004b1d0       ??$_Umove@PAPAD@?$vector@PADV?$allocator@PAD@std@@@std@@IAEPAPADPAPAD00@Z 400b21d0 f i ui_saber.obj
 0002:0004b240       ??$_Destroy_range@V?$allocator@PAD@std@@@std@@YAXPAPAD0AAV?$allocator@PAD@0@@Z 400b2240 f i ui_saber.obj
 0002:0004b2c0       ??$_Allocate@PAD@std@@YAPAPADIPAPAD@Z 400b22c0 f i ui_saber.obj
 0002:0004b370       ??$_Val_type@PAPAD@std@@YAPAPADPAPAD@Z 400b2370 f i ui_saber.obj
 0002:0004b3a0       ??$_Ptr_cat@PADPAD@std@@YA?AU_Scalar_ptr_iterator_tag@0@PAPAD0@Z 400b23a0 f i ui_saber.obj
 0002:0004b410       ??$_Uninit_def_fill_n@PADIPADPAD@std@@YAXPAPADIPBQADAAV?$allocator@PAD@0@0U_Scalar_ptr_iterator_tag@0@@Z 400b2410 f i ui_saber.obj
 0002:0004b480       ??$_Move@PAPADPAPAD@std@@YAPAPADPAPAD00U_Scalar_ptr_iterator_tag@0@@Z 400b2480 f i ui_saber.obj
 0002:0004b500       ??$_Uninitialized_move@PAPADPAPADV?$allocator@PAD@std@@@std@@YAPAPADPAPAD00AAV?$allocator@PAD@0@@Z 400b2500 f i ui_saber.obj
 0002:0004b5a0       ??$_Destroy_range@V?$allocator@PAD@std@@@std@@YAXPAPAD0AAV?$allocator@PAD@0@U_Scalar_ptr_iterator_tag@0@@Z 400b25a0 f i ui_saber.obj
 0002:0004b5d0       ??$_Fill_n@PAPADIPAD@std@@YAXPAPADIABQAD@Z 400b25d0 f i ui_saber.obj
 0002:0004b630       ??$_Uninit_move@PADPADPAD@std@@YAPAPADPAPAD00AAV?$allocator@PAD@0@0U_Scalar_ptr_iterator_tag@0@@Z 400b2630 f i ui_saber.obj
 0002:0004b6e0       ??$_Debug_range@PAPAD@std@@YAXPAPAD0PB_WI@Z 400b26e0 f i ui_saber.obj
 0002:0004b760       ??$_Debug_pointer@PAD@std@@YAXPAPADPB_WI@Z 400b2760 f i ui_saber.obj
 0002:0004b7c0       ??$_Iter_cat@PAPAD@std@@YA?AUrandom_access_iterator_tag@0@ABQAPAD@Z 400b27c0 f i ui_saber.obj
 0002:0004b840       ??$_Debug_range2@PAPAD@std@@YAXPAPAD0PB_WIUrandom_access_iterator_tag@0@@Z 400b2840 f i ui_saber.obj
 0002:0004b8e0       ??0?$vector@PADV?$allocator@PAD@std@@@std@@QAE@XZ 400b28e0 f i ui_saber.obj
 0002:0004b950       ??0?$_Vector_val@PADV?$allocator@PAD@std@@@std@@QAE@V?$allocator@PAD@1@@Z 400b2950 f i ui_saber.obj
 0002:0004bac0       ??0?$allocator@PAD@std@@QAE@XZ 400b2ac0 f i ui_saber.obj
 0002:0004bb00       ??0?$allocator@PAD@std@@QAE@ABV01@@Z 400b2b00 f i ui_saber.obj
 0002:0004bb40       ??$?0PAD@?$allocator@U_Container_proxy@std@@@std@@QAE@ABV?$allocator@PAD@1@@Z 400b2b40 f i ui_saber.obj
 0002:0004bb80       ??1?$vector@PADV?$allocator@PAD@std@@@std@@QAE@XZ 400b2b80 f i ui_saber.obj
 0002:0004bc20       ?_Tidy@?$vector@PADV?$allocator@PAD@std@@@std@@IAEXXZ 400b2c20 f i ui_saber.obj
 0002:0004bcf0       ??1?$_Vector_val@PADV?$allocator@PAD@std@@@std@@QAE@XZ 400b2cf0 f i ui_saber.obj
 0002:0004be20       ??_H@YGXPAXIHP6EPAX0@Z@Z   400b2e20 f i ui_shared.obj
 0002:0004be90       ?UI_Alloc@@YAPAXH@Z        400b2e90 f   ui_shared.obj
 0002:0004bf60       ?UI_InitMemory@@YAXXZ      400b2f60 f   ui_shared.obj
 0002:0004bfb0       ?UI_OutOfMemory@@YA?AW4qboolean@@XZ 400b2fb0 f   ui_shared.obj
 0002:0004bff0       ?String_Alloc@@YAPBDPBD@Z  400b2ff0 f   ui_shared.obj
 0002:0004c2c0       ?String_Report@@YAXXZ      400b32c0 f   ui_shared.obj
 0002:0004c3d0       ?String_Init@@YAXXZ        400b33d0 f   ui_shared.obj
 0002:0004c4c0       ?PC_SourceWarning@@YAXHPADZZ 400b34c0 f   ui_shared.obj
 0002:0004c5f0       ?PC_SourceError@@YAXHPADZZ 400b35f0 f   ui_shared.obj
 0002:0004c720       ?LerpColor@@YAXQAM00M@Z    400b3720 f   ui_shared.obj
 0002:0004c800       ?Float_Parse@@YA?AW4qboolean@@PAPADPAM@Z 400b3800 f   ui_shared.obj
 0002:0004c890       ?PC_Float_Parse@@YA?AW4qboolean@@HPAM@Z 400b3890 f   ui_shared.obj
 0002:0004c9f0       ?Color_Parse@@YA?AW4qboolean@@PAPADPAY03M@Z 400b39f0 f   ui_shared.obj
 0002:0004cac0       ?PC_Color_Parse@@YA?AW4qboolean@@HPAY03M@Z 400b3ac0 f   ui_shared.obj
 0002:0004cb90       ?Int_Parse@@YA?AW4qboolean@@PAPADPAH@Z 400b3b90 f   ui_shared.obj
 0002:0004cc20       ?PC_Int_Parse@@YA?AW4qboolean@@HPAH@Z 400b3c20 f   ui_shared.obj
 0002:0004cd80       ?Rect_Parse@@YA?AW4qboolean@@PAPADPAVRectangle@@@Z 400b3d80 f   ui_shared.obj
 0002:0004ce40       ?PC_Rect_Parse@@YA?AW4qboolean@@HPAVRectangle@@@Z 400b3e40 f   ui_shared.obj
 0002:0004cf00       ?String_Parse@@YA?AW4qboolean@@PAPADPAPBD@Z 400b3f00 f   ui_shared.obj
 0002:0004cfa0       ?PC_String_Parse@@YA?AW4qboolean@@HPAPBD@Z 400b3fa0 f   ui_shared.obj
 0002:0004d0a0       ?PC_Script_Parse@@YA?AW4qboolean@@HPAPBD@Z 400b40a0 f   ui_shared.obj
 0002:0004d2a0       ?Init_Display@@YAXPAUdisplayContextDef_t@@@Z 400b42a0 f   ui_shared.obj
 0002:0004d2e0       ?GradientBar_Paint@@YAXPAVRectangle@@QAM@Z 400b42e0 f   ui_shared.obj
 0002:0004d3c0       ?Window_Init@@YAXPAUwindowDef_t@@@Z 400b43c0 f   ui_shared.obj
 0002:0004d460       ?Fade@@YAXPAHPAMM0HW4qboolean@@M@Z 400b4460 f   ui_shared.obj
 0002:0004d570       ?Window_Paint@@YAXPAUwindowDef_t@@MMM@Z 400b4570 f   ui_shared.obj
 0002:0004df20       ?Item_SetScreenCoords@@YAXPAUitemDef_s@@MM@Z 400b4f20 f   ui_shared.obj
 0002:0004e060       ?Item_UpdatePosition@@YAXPAUitemDef_s@@@Z 400b5060 f   ui_shared.obj
 0002:0004e130       ?Menu_UpdatePosition@@YAXPAUmenuDef_t@@@Z 400b5130 f   ui_shared.obj
 0002:0004e210       ?Menu_PostParse@@YAXPAUmenuDef_t@@@Z 400b5210 f   ui_shared.obj
 0002:0004e2b0       ?Container_ClearFocus@@YAPAUitemDef_s@@PAVContainerElement@@@Z 400b52b0 f   ui_shared.obj
 0002:0004e660       ??4?$_List_const_iterator@V?$_List_val@PAUitemDef_s@@V?$allocator@PAUitemDef_s@@@std@@@std@@@std@@QAEAAV01@ABV01@@Z 400b5660 f i ui_shared.obj
 0002:0004e6c0       ??4?$_List_unchecked_const_iterator@V?$_List_val@PAUitemDef_s@@V?$allocator@PAUitemDef_s@@@std@@@std@@U_Iterator_base12@2@@std@@QAEAAV01@ABV01@@Z 400b56c0 f i ui_shared.obj
 0002:0004e730       ??4?$_Iterator012@Ubidirectional_iterator_tag@std@@PAUitemDef_s@@HPBQAU3@ABQAU3@U_Iterator_base12@2@@std@@QAEAAU01@ABU01@@Z 400b5730 f i ui_shared.obj
 0002:0004e790       ?Menu_ClearFocus@@YAPAUitemDef_s@@PAUmenuDef_t@@@Z 400b5790 f   ui_shared.obj
 0002:0004e950       ?IsVisible@@YA?AW4qboolean@@H@Z 400b5950 f   ui_shared.obj
 0002:0004e9c0       ?Rect_ContainsPoint@@YA?AW4qboolean@@PAVRectangle@@MM@Z 400b59c0 f   ui_shared.obj
 0002:0004ea70       ?Container_ItemsMatchingGroup@@YAHPAVContainerElement@@PBD@Z 400b5a70 f   ui_shared.obj
 0002:0004ee40       ?Menu_ItemsMatchingGroup@@YAHPAUmenuDef_t@@PBD@Z 400b5e40 f   ui_shared.obj
 0002:0004f000       ?Container_GetMatchingItemByNumber@@YAPAUitemDef_s@@PAVContainerElement@@PAHHPBD@Z 400b6000 f   ui_shared.obj
 0002:0004f450       ?Menu_GetMatchingItemByNumber@@YAPAUitemDef_s@@PAUmenuDef_t@@HPBD@Z 400b6450 f   ui_shared.obj
 0002:0004f630       ?Script_SetColor@@YA?AW4qboolean@@PAUitemDef_s@@PAPAD@Z 400b6630 f   ui_shared.obj
 0002:0004f7f0       ?Script_SetAsset@@YA?AW4qboolean@@PAUitemDef_s@@PAPAD@Z 400b67f0 f   ui_shared.obj
 0002:0004f880       ?Script_SetBackground@@YA?AW4qboolean@@PAUitemDef_s@@PAPAD@Z 400b6880 f   ui_shared.obj
 0002:0004f940       ?Script_SetItemRectCvar@@YA?AW4qboolean@@PAUitemDef_s@@PAPAD@Z 400b6940 f   ui_shared.obj
 0002:0004fcd0       ?Script_SetItemBackground@@YA?AW4qboolean@@PAUitemDef_s@@PAPAD@Z 400b6cd0 f   ui_shared.obj
 0002:0004fdc0       ?Script_SetItemText@@YA?AW4qboolean@@PAUitemDef_s@@PAPAD@Z 400b6dc0 f   ui_shared.obj
 0002:0004feb0       ?Menu_FindItemByName@@YAPAUitemDef_s@@PAUmenuDef_t@@PBD@Z 400b6eb0 f   ui_shared.obj
 0002:0004ff70       ?Script_SetTeamColor@@YA?AW4qboolean@@PAUitemDef_s@@PAPAD@Z 400b6f70 f   ui_shared.obj
 0002:00050070       ?Script_SetItemColor@@YA?AW4qboolean@@PAUitemDef_s@@PAPAD@Z 400b7070 f   ui_shared.obj
 0002:00050350       ?Script_SetItemColorCvar@@YA?AW4qboolean@@PAUitemDef_s@@PAPAD@Z 400b7350 f   ui_shared.obj
 0002:00050820       ?Script_SetItemRect@@YA?AW4qboolean@@PAUitemDef_s@@PAPAD@Z 400b7820 f   ui_shared.obj
 0002:000509d0       ?Menu_ShowGroup@@YAXPAUmenuDef_t@@PADW4qboolean@@@Z 400b79d0 f   ui_shared.obj
 0002:00050aa0       ?Menu_ShowItemByName@@YAXPAUmenuDef_t@@PBDW4qboolean@@@Z 400b7aa0 f   ui_shared.obj
 0002:00050bc0       ?Menu_FadeItemByName@@YAXPAUmenuDef_t@@PBDW4qboolean@@@Z 400b7bc0 f   ui_shared.obj
 0002:00050cc0       ?Menus_FindByName@@YAPAUmenuDef_t@@PBD@Z 400b7cc0 f   ui_shared.obj
 0002:00050d70       ?Menus_ShowByName@@YAXPBD@Z 400b7d70 f   ui_shared.obj
 0002:00050de0       ?Menus_OpenByName@@YAXPBD@Z 400b7de0 f   ui_shared.obj
 0002:00050e30       ?Menus_CloseByName@@YAXPBD@Z 400b7e30 f   ui_shared.obj
 0002:00051010       ??0itemDef_s@@QAE@XZ       400b8010 f i ui_shared.obj
 0002:00051080       ??0windowDef_t@@QAE@XZ     400b8080 f i ui_shared.obj
 0002:00051100       ?Menus_CloseAll@@YAXXZ     400b8100 f   ui_shared.obj
 0002:000511d0       ?Script_Show@@YA?AW4qboolean@@PAUitemDef_s@@PAPAD@Z 400b81d0 f   ui_shared.obj
 0002:00051280       ?Script_Hide@@YA?AW4qboolean@@PAUitemDef_s@@PAPAD@Z 400b8280 f   ui_shared.obj
 0002:00051330       ?Script_FadeIn@@YA?AW4qboolean@@PAUitemDef_s@@PAPAD@Z 400b8330 f   ui_shared.obj
 0002:000513e0       ?Script_FadeOut@@YA?AW4qboolean@@PAUitemDef_s@@PAPAD@Z 400b83e0 f   ui_shared.obj
 0002:00051490       ?Script_Open@@YA?AW4qboolean@@PAUitemDef_s@@PAPAD@Z 400b8490 f   ui_shared.obj
 0002:00051540       ?Script_Close@@YA?AW4qboolean@@PAUitemDef_s@@PAPAD@Z 400b8540 f   ui_shared.obj
 0002:00051610       ?Menu_TransitionItemByName@@YAXPAUmenuDef_t@@PBDPBVRectangle@@2HM@Z 400b8610 f   ui_shared.obj
 0002:00051810       ?abs@@YAMM@Z               400b8810 f i ui_shared.obj
 0002:00051870       ?Menu_Transition3ItemByName@@YAXPAUmenuDef_t@@PBDMMMMMMMMHM@Z 400b8870 f   ui_shared.obj
 0002:00051b90       ?Script_Defer@@YA?AW4qboolean@@PAUitemDef_s@@PAPAD@Z 400b8b90 f   ui_shared.obj
 0002:00051c30       ?Script_RunDeferred@@YA?AW4qboolean@@PAUitemDef_s@@PAPAD@Z 400b8c30 f   ui_shared.obj
 0002:00051cb0       ?Script_Transition@@YA?AW4qboolean@@PAUitemDef_s@@PAPAD@Z 400b8cb0 f   ui_shared.obj
 0002:00051e50       ?Menu_OrbitItemByName@@YAXPAUmenuDef_t@@PBDMMMMH@Z 400b8e50 f   ui_shared.obj
 0002:00051f50       ?Menu_ItemDisable@@YAXPAUmenuDef_t@@PADH@Z 400b8f50 f   ui_shared.obj
 0002:00052010       ?Script_Disable@@YA?AW4qboolean@@PAUitemDef_s@@PAPAD@Z 400b9010 f   ui_shared.obj
 0002:00052180       ?Script_Scale@@YA?AW4qboolean@@PAUitemDef_s@@PAPAD@Z 400b9180 f   ui_shared.obj
 0002:000523f0       ?Script_Orbit@@YA?AW4qboolean@@PAUitemDef_s@@PAPAD@Z 400b93f0 f   ui_shared.obj
 0002:000525b0       ?Script_SetFocus@@YA?AW4qboolean@@PAUitemDef_s@@PAPAD@Z 400b95b0 f   ui_shared.obj
 0002:00052730       ?Script_SetPlayerModel@@YA?AW4qboolean@@PAUitemDef_s@@PAPAD@Z 400b9730 f   ui_shared.obj
 0002:000527f0       ?ParseRect@@YA?AW4qboolean@@PAPBDPAVRectangle@@@Z 400b97f0 f   ui_shared.obj
 0002:000528b0       ?Script_Transition2@@YA?AW4qboolean@@PAUitemDef_s@@PAPAD@Z 400b98b0 f   ui_shared.obj
 0002:00052a30       ?Script_Transition3@@YA?AW4qboolean@@PAUitemDef_s@@PAPAD@Z 400b9a30 f   ui_shared.obj
 0002:00052d60       ?Script_SetCvar@@YA?AW4qboolean@@PAUitemDef_s@@PAPAD@Z 400b9d60 f   ui_shared.obj
 0002:00052e50       ?Script_SetCvarToCvar@@YA?AW4qboolean@@PAUitemDef_s@@PAPAD@Z 400b9e50 f   ui_shared.obj
 0002:00052fa0       ?Script_Exec@@YA?AW4qboolean@@PAUitemDef_s@@PAPAD@Z 400b9fa0 f   ui_shared.obj
 0002:00053160       ?Script_Play@@YA?AW4qboolean@@PAUitemDef_s@@PAPAD@Z 400ba160 f   ui_shared.obj
 0002:00053240       ?Script_PlayVoice@@YA?AW4qboolean@@PAUitemDef_s@@PAPAD@Z 400ba240 f   ui_shared.obj
 0002:00053320       ?Script_playLooped@@YA?AW4qboolean@@PAUitemDef_s@@PAPAD@Z 400ba320 f   ui_shared.obj
 0002:00053400       ?Menu_SetItemBackground@@YAXPBUmenuDef_t@@PBD1@Z 400ba400 f   ui_shared.obj
 0002:000534e0       ?Menu_SetItemText@@YAXPBUmenuDef_t@@PBD1@Z 400ba4e0 f   ui_shared.obj
 0002:00053680       ?Item_RunScript@@YAXPAUitemDef_s@@PBD@Z 400ba680 f   ui_shared.obj
 0002:000538e0       ?Item_EnableShowViaCvar@@YA?AW4qboolean@@PAUitemDef_s@@H@Z 400ba8e0 f   ui_shared.obj
 0002:00053bf0       ?Item_SetFocus@@YA?AW4qboolean@@PAUitemDef_s@@MM@Z 400babf0 f   ui_shared.obj
 0002:00053ee0       ?Item_TextScroll_MaxScroll@@YAHPAUitemDef_s@@@Z 400baee0 f   ui_shared.obj
 0002:00053f70       ?Item_TextScroll_ThumbPosition@@YAHPAUitemDef_s@@@Z 400baf70 f   ui_shared.obj
 0002:00054060       ?Item_TextScroll_ThumbDrawPosition@@YAHPAUitemDef_s@@@Z 400bb060 f   ui_shared.obj
 0002:00054180       ?Item_TextScroll_OverLB@@YAHPAUitemDef_s@@MM@Z 400bb180 f   ui_shared.obj
 0002:000543c0       ?Item_TextScroll_MouseEnter@@YAXPAUitemDef_s@@MM@Z 400bb3c0 f   ui_shared.obj
 0002:00054450       ?Item_TextScroll_HandleKey@@YA?AW4qboolean@@PAUitemDef_s@@HW41@1@Z 400bb450 f   ui_shared.obj
 0002:000547a0       ?Item_ListBox_MaxScroll@@YAHPAUitemDef_s@@@Z 400bb7a0 f   ui_shared.obj
 0002:000548a0       ?Item_ListBox_ThumbPosition@@YAHPAUitemDef_s@@@Z 400bb8a0 f   ui_shared.obj
 0002:00054a20       ?Item_ListBox_ThumbDrawPosition@@YAHPAUitemDef_s@@@Z 400bba20 f   ui_shared.obj
 0002:00054c30       ?Item_Slider_ThumbPosition@@YAMPAUitemDef_s@@@Z 400bbc30 f   ui_shared.obj
 0002:00054da0       ?Item_Slider_OverSlider@@YAHPAUitemDef_s@@MM@Z 400bbda0 f   ui_shared.obj
 0002:00054e90       ?Item_ListBox_OverLB@@YAHPAUitemDef_s@@MM@Z 400bbe90 f   ui_shared.obj
 0002:00055400       ?Item_ListBox_MouseEnter@@YAXPAUitemDef_s@@MM@Z 400bc400 f   ui_shared.obj
 0002:00055750       ?Item_MouseEnter@@YAXPAUitemDef_s@@MM@Z 400bc750 f   ui_shared.obj
 0002:00055a10       ?Item_MouseLeave@@YAXPAUitemDef_s@@@Z 400bca10 f   ui_shared.obj
 0002:00055ad0       ?Menu_HitTest@@YAPAUitemDef_s@@PAUmenuDef_t@@MM@Z 400bcad0 f   ui_shared.obj
 0002:00055b80       ?Item_SetMouseOver@@YAXPAUitemDef_s@@W4qboolean@@@Z 400bcb80 f   ui_shared.obj
 0002:00055bf0       ?IsForceRank@@YA?AW4qboolean@@H@Z 400bcbf0 f   ui_shared.obj
 0002:00055c70       ?Item_OwnerDraw_HandleKey@@YA?AW4qboolean@@PAUitemDef_s@@H@Z 400bcc70 f   ui_shared.obj
 0002:00055da0       ?Item_ListBox_HandleKey@@YA?AW4qboolean@@PAUitemDef_s@@HW41@1@Z 400bcda0 f   ui_shared.obj
 0002:000568c0       ?Item_YesNo_HandleKey@@YA?AW4qboolean@@PAUitemDef_s@@H@Z 400bd8c0 f   ui_shared.obj
 0002:00056a40       ?Item_Multi_CountSettings@@YAHPAUitemDef_s@@@Z 400bda40 f   ui_shared.obj
 0002:00056aa0       ?Item_Multi_FindCvarByValue@@YAHPAUitemDef_s@@@Z 400bdaa0 f   ui_shared.obj
 0002:00056ca0       ?Item_Multi_Setting@@YAPBDPAUitemDef_s@@@Z 400bdca0 f   ui_shared.obj
 0002:00056ee0       ?Item_Multi_HandleKey@@YA?AW4qboolean@@PAUitemDef_s@@H@Z 400bdee0 f   ui_shared.obj
 0002:000571c0       ?Leaving_EditField@@YAXPAUitemDef_s@@@Z 400be1c0 f   ui_shared.obj
 0002:00057230       ?Item_TextField_HandleKey@@YA?AW4qboolean@@PAUitemDef_s@@H@Z 400be230 f   ui_shared.obj
 0002:00057b40       ?Item_StartCapture@@YAXPAUitemDef_s@@H@Z 400beb40 f   ui_shared.obj
 0002:000589b0       ?Item_StopCapture@@YAXPAUitemDef_s@@@Z 400bf9b0 f   ui_shared.obj
 0002:000589e0       ?Item_Slider_HandleKey@@YA?AW4qboolean@@PAUitemDef_s@@HW41@@Z 400bf9e0 f   ui_shared.obj
[...]
 0004:001937a0       ?ui_scoreGauntlets@@3UvmCvar_t@@A 402fd7a0     ui_main.obj
 0004:001938b0       ?uiInfo@@3UuiInfo_t@@A     402fd8b0     ui_main.obj
 0004:001e88ec       ?startTime@@3HA            403528ec     ui_main.obj
 0004:001e88f0       ?ui_lastServerRefresh_2@@3UvmCvar_t@@A 403528f0     ui_main.obj
 0004:001e8e00       ?ui_recordSPDemo@@3UvmCvar_t@@A 40352e00     ui_main.obj
 0004:001e8f10       ?ui_dedicated@@3UvmCvar_t@@A 40352f10     ui_main.obj
 0004:001e9020       ?ui_sab2_b@@3UvmCvar_t@@A  40353020     ui_main.obj
 0004:001e9130       ?ui_char_anim@@3UvmCvar_t@@A 40353130     ui_main.obj
 0004:001e9240       ?ui_scoreSkillBonus@@3UvmCvar_t@@A 40353240     ui_main.obj
 0004:001e9350       ?ui_selectedModelIndex@@3UvmCvar_t@@A 40353350     ui_main.obj
 0004:001e9460       ?ui_actualNetGameType@@3UvmCvar_t@@A 40353460     ui_main.obj
 0004:001e9570       ?ui_char_skin_torso@@3UvmCvar_t@@A 40353570     ui_main.obj
 0004:001e9680       ?ui_fragLimit@@3UvmCvar_t@@A 40353680     ui_main.obj
 0004:001e9790       ?ui_serverStatusTimeOut@@3UvmCvar_t@@A 40353790     ui_main.obj
 0004:001e98a0       ?ui_redteam1@@3UvmCvar_t@@A 403538a0     ui_main.obj
 0004:001e99b0       ?se_language@@3UvmCvar_t@@A 403539b0     ui_main.obj
 0004:001e9ac0       ?ui_siegeStruct@@3PAPADA   40353ac0     ui_main.obj
 0004:001eaac0       ?ui_browserShowFull@@3UvmCvar_t@@A 40354ac0     ui_main.obj
 0004:001eabd0       ?ui_singlePlayerActive@@3UvmCvar_t@@A 40354bd0     ui_main.obj
 0004:001eace0       ?ui_saber@@3UvmCvar_t@@A   40354ce0     ui_main.obj
 0004:001eadf0       ?ui_scoreTeam@@3UvmCvar_t@@A 40354df0     ui_main.obj
 0004:001eaf00       ?ui_menuFiles@@3UvmCvar_t@@A 40354f00     ui_main.obj
 0004:001eb010       ?ui_bottype@@3UvmCvar_t@@A 40355010     ui_main.obj
 0004:001f9b88       ?ui_realCaptureLimit@@3UvmCvar_t@@A 40363b88     ui_main.obj
 0004:001f9c98       ?ui_siegeInfo@@3UvmCvar_t@@A 40363c98     ui_main.obj
 0004:001f9da8       ?ui_botsFile@@3UvmCvar_t@@A 40363da8     ui_main.obj
 0004:001f9eb8       ?ui_lastServerRefresh_1@@3UvmCvar_t@@A 40363eb8     ui_main.obj
 0004:001f9fc8       ?ui_hudFiles@@3UvmCvar_t@@A 40363fc8     ui_main.obj
 0004:001fa0d8       ?ui_scoreScore@@3UvmCvar_t@@A 403640d8     ui_main.obj
 0004:001fa1e8       ?ui_scoreImpressives@@3UvmCvar_t@@A 403641e8     ui_main.obj
 0004:001fa2f8       ?ui_char_model@@3UvmCvar_t@@A 403642f8     ui_main.obj
 0004:001fa408       ?ui_sab2_r@@3UvmCvar_t@@A  40364408     ui_main.obj
 0004:001fa518       ?ui_drawCrosshairNames@@3UvmCvar_t@@A 40364518     ui_main.obj
 0004:001fa648       ?ui_team_fraglimit@@3UvmCvar_t@@A 40364648     ui_main.obj
 0004:001fa758       ?ui_scorePerfect@@3UvmCvar_t@@A 40364758     ui_main.obj
 0004:001fac68       ?ui_redteam3@@3UvmCvar_t@@A 40364c68     ui_main.obj
 0004:001fad78       ?ui_scoreTime@@3UvmCvar_t@@A 40364d78     ui_main.obj
 0004:0023ae88       ?ui_ctf_timelimit@@3UvmCvar_t@@A 403a4e88     ui_main.obj
 0004:0023af98       ?ui_sab2_g@@3UvmCvar_t@@A  403a4f98     ui_main.obj
 0004:0023b0a8       ?siegeTeam1@@3PAUsiegeTeam_t@@A 403a50a8     ui_main.obj
 0004:0023b0ac       ?siegeTeam2@@3PAUsiegeTeam_t@@A 403a50ac     ui_main.obj
 0004:0023b0b0       ?UIPAFtextLoaded@@3W4qboolean@@A 403a50b0     ui_main.obj
 0004:0023b0b4       ?uiSkinColor@@3HA          403a50b4     ui_main.obj
 0004:0023b0b8       ?holdSPString@@3PADA       403a50b8     ui_main.obj
 0004:0023b4b8       ?holdSPString2@@3PADA      403a54b8     ui_main.obj
 0004:0023b8b8       ?uiHoldSkinColor@@3HA      403a58b8     ui_main.obj
 0004:0023b8bc       ?frameCount@@3HA           403a58bc     ui_main.obj
 0004:0023bcc0       ?defaultMenu@@3PADA        403a5cc0     ui_main.obj
 0004:0023bcc4       ?gUISelectedMap@@3HA       403a5cc4     ui_main.obj
 0004:0023bccc       ?g_siegedFeederForcedSet@@3HA 403a5ccc     ui_main.obj
 0004:0027ab2c       ?saberSingleHiltCount@@3HA 403e4b2c     ui_saber.obj
 0004:0027ab30       ?PimpColorTo@@3PAY02MA     403e4b30     ui_saber.obj
 0004:0027ab50       ?PimpColorFrom@@3PAY02MA   403e4b50     ui_saber.obj
 0004:0027ab74       ?PimpEndTime@@3PAHA        403e4b74     ui_saber.obj
 0004:0027ab90       ?saberStaffHiltCount@@3HA  403e4b90     ui_saber.obj
 0004:0027ab94       ?SaberParms@@3PADA         403e4b94     ui_saber.obj
 0004:0027abb4       ?PimpStartTime@@3PAHA      403e4bb4     ui_saber.obj
 0004:0027abbc       ?ui_saber_parms_parsed@@3W4qboolean@@A 403e4bbc     ui_saber.obj
 0004:0027abc0       ?ScriptedColors@@3PAY112MA 403e4bc0     ui_saber.obj
 0004:0027acb0       ?ScriptedTimes@@3PAY01HA   403e4cb0     ui_saber.obj
 0004:0027ad00       ?ScriptedNum@@3PAHA        403e4d00     ui_saber.obj
 0004:0027ad08       ?ScriptedActualNum@@3PAHA  403e4d08     ui_saber.obj
 0004:0027ad10       ?ScriptedStartTime@@3PAHA  403e4d10     ui_saber.obj
 0004:0027ad18       ?ScriptedEndTime@@3PAHA    403e4d18     ui_saber.obj
 0004:0027ad20       ?saberSingleHiltInfo@@3V?$vector@PADV?$allocator@PAD@std@@@std@@A 403e4d20     ui_saber.obj
 0004:0027ad34       ?saberStaffHiltInfo@@3V?$vector@PADV?$allocator@PAD@std@@@std@@A 403e4d34     ui_saber.obj
 0004:0027adb8       ?itemParseKeywordHash@@3PAPAUkeywordHash_s@@A 403e4db8     ui_shared.obj
 0004:0027d5b8       ?g_nameBind1@@3PADA        403e75b8     ui_shared.obj
 0004:0047d5d8       ?currLanguage@@3PAY0IA@DA  405e75d8     ui_shared.obj
 0004:004de5e0       ?g_nameBind2@@3PADA        406485e0     ui_shared.obj
 0004:004de600       ?layoutParseKeywordHash@@3PAPAUlayoutKeywordHash_s@@A 40648600     ui_shared.obj
 0004:004dee00       ?menuParseKeywordHash@@3PAPAUkeywordHash_s@@A 40648e00     ui_shared.obj
 0004:004df600       ?menuStack@@3PAPAUmenuDef_t@@A 40649600     ui_shared.obj
 0004:004e1668       ?ui_deferredScript@@3PADA  4064b668     ui_shared.obj
 0004:004e1e74       ?DC@@3PAUdisplayContextDef_t@@A 4064be74     ui_shared.obj
 0004:004e1e88       ?menuCount@@3HA            4064be88     ui_shared.obj
 0004:004e1e8c       ?openMenuCount@@3HA        4064be8c     ui_shared.obj
 0004:004e1ea0       ?ui_deferredScriptItem@@3PAUitemDef_s@@A 4064bea0     ui_shared.obj
 0004:004e1ea8       ?ui_G2PtrTracker@@3PAUuiG2PtrTracker_s@@A 4064bea8     ui_shared.obj
 0004:004e1eac       ?layoutParseKeywords@@3PAUlayoutKeywordHash_s@@A 4064beac     ui_shared.obj
 0004:004e1eb8       ?Menus@@3PAUmenuDef_t@@A   4064beb8     ui_shared.obj
 0004:00589368       ___fastflag                406f3368     LIBCMTD:_fpinit_.obj
 0004:0058936c       ___pInvalidArgHandler      406f336c     LIBCMTD:invarg.obj
 0004:00589384       ?wsprintffp@@3P6AHPADPBDZZA 406f3384     LIBCMTD:_error_.obj
 0004:0058938c       __aenvptr                  406f338c     LIBCMTD:dllcrt0.obj
 0004:00589390       __wenvptr                  406f3390     LIBCMTD:dllcrt0.obj
 0004:00589394       ___error_mode              406f3394     LIBCMTD:dllcrt0.obj
 0004:00589398       ___app_type                406f3398     LIBCMTD:dllcrt0.obj
 0004:00589774       __umaskval                 406f3774     LIBCMTD:crt0dat.obj
 0004:00589778       ___argc                    406f3778     LIBCMTD:crt0dat.obj
 0004:0058977c       ___argv                    406f377c     LIBCMTD:crt0dat.obj
 0004:00589780       ___wargv                   406f3780     LIBCMTD:crt0dat.obj
 0004:00589784       __environ                  406f3784     LIBCMTD:crt0dat.obj
 0004:00589788       ___initenv                 406f3788     LIBCMTD:crt0dat.obj
 0004:0058978c       __wenviron                 406f378c     LIBCMTD:crt0dat.obj
 0004:00589790       ___winitenv                406f3790     LIBCMTD:crt0dat.obj
 0004:00589794       __pgmptr                   406f3794     LIBCMTD:crt0dat.obj
 0004:00589798       __wpgmptr                  406f3798     LIBCMTD:crt0dat.obj
 0004:0058979c       __exitflag                 406f379c     LIBCMTD:crt0dat.obj
 0004:005897a0       __C_Termination_Done       406f37a0     LIBCMTD:crt0dat.obj
 0004:005897a4       __C_Exit_Done              406f37a4     LIBCMTD:crt0dat.obj
 0004:005897e8       __cflush                   406f37e8     LIBCMTD:_file.obj
 0004:005897f0       ___mbulinfo                406f37f0     LIBCMTD:mbctype.obj
 0004:005897fc       ___mbcodepage              406f37fc     LIBCMTD:mbctype.obj
 0004:00589800       ___ismbcodepage            406f3800     LIBCMTD:mbctype.obj
 0004:00589804       ___mblcid                  406f3804     LIBCMTD:mbctype.obj
 0004:00589810       _gpFlsAlloc                406f3810     LIBCMTD:tidtable.obj
 0004:00589814       _gpFlsGetValue             406f3814     LIBCMTD:tidtable.obj
 0004:00589818       _gpFlsSetValue             406f3818     LIBCMTD:tidtable.obj
 0004:0058981c       _gpFlsFree                 406f381c     LIBCMTD:tidtable.obj
 0004:00589824       ___locale_changed          406f3824     LIBCMTD:setlocal.obj
 0004:00589834       ?__pInconsistency@@3P6AXXZA 406f3834     LIBCMTD:hooks.obj
 0004:005899fc       ?_pfnDumpClient@@3P6AXPAXI@ZA 406f39fc     LIBCMTD:dbgheap.obj
 0004:00589a04       ___crtDebugCheckCount      406f3a04     LIBCMTD:dbgheap.obj
 0004:00589a14       ?_pnhHeap@@3P6AHI@ZA       406f3a14     LIBCMTD:handler.obj
 0004:00589b64       __crtheap                  406f3b64     LIBCMTD:heapinit.obj
 0004:00589b68       __outputformat             406f3b68     LIBCMTD:outputformat.obj
 0004:0058a2d8       ___pPurecall               406f42d8     LIBCMTD:inithelp.obj
 0004:0058a2dc       __stdbuf                   406f42dc     LIBCMTD:_sftbuf.obj
 0004:0058a2e8       ___lconv_static_null       406f42e8     LIBCMTD:lconv.obj
 0004:0058a2ec       ___lconv_static_W_null     406f42ec     LIBCMTD:lconv.obj
 0004:0058a308       ?pArgList@UnDecorator@@0PAVReplicator@@A 406f4308     LIBCMTD:undname.obj
 0004:0058a30c       ?pZNameList@UnDecorator@@0PAVReplicator@@A 406f430c     LIBCMTD:undname.obj
 0004:0058a310       ?pTemplateArgList@UnDecorator@@0PAVReplicator@@A 406f4310     LIBCMTD:undname.obj
 0004:0058a314       ?gName@UnDecorator@@0PBDB  406f4314     LIBCMTD:undname.obj
 0004:0058a318       ?name@UnDecorator@@0PBDB   406f4318     LIBCMTD:undname.obj
 0004:0058a31c       ?outputString@UnDecorator@@0PADA 406f431c     LIBCMTD:undname.obj
 0004:0058a320       ?maxStringLength@UnDecorator@@0HA 406f4320     LIBCMTD:undname.obj
 0004:0058a324       ?disableFlags@UnDecorator@@0KA 406f4324     LIBCMTD:undname.obj
 0004:0058a328       ?m_pGetParameter@UnDecorator@@0P6APADJ@ZA 406f4328     LIBCMTD:undname.obj
 0004:0058a32c       ?fExplicitTemplateParams@UnDecorator@@0_NA 406f432c     LIBCMTD:undname.obj
 0004:0058a32d       ?fGetTemplateArgumentList@UnDecorator@@0_NA 406f432d     LIBCMTD:undname.obj
 0004:0058a3a0       ?nodes@?1??make@DNameStatusNode@@SAPAV2@W4DNameStatus@@@Z@4PAV2@A 406f43a0     LIBCMTD:undname.obj
 0004:0058a3dc       ??_B?1??make@DNameStatusNode@@SAPAV1@W4DNameStatus@@@Z@51 406f43dc     LIBCMTD:undname.obj
 0004:0058a3e0       __newmode                  406f43e0     LIBCMTD:_newmode.obj
 0004:0058a3fc       __nhandle                  406f43fc     <common>
 0004:0058a440       ___pioinfo                 406f4440     <common>
 0004:0058a540       __pmatherr                 406f4540     <common>
 0004:0058a54c       __pfnReportHook            406f454c     <common>
 0004:0058a55c       __pReportHookListW         406f455c     <common>
 0004:0058a560       __pReportHookList          406f4560     <common>
 0004:0058a564       __debugger_hook_dummy      406f4564     <common>
 0004:0058a570       ___setlc_active            406f4570     <common>
 0004:0058a580       ___unguarded_readlc_active 406f4580     <common>
 0004:0058a584       ___piob                    406f4584     <common>
 0004:0058a8e0       __bufin                    406f48e0     <common>
 0004:0058b8e0       __nstream                  406f58e0     <common>
 0004:0058b8e4       ___env_initialized         406f58e4     <common>
 0004:0058b8f4       ___onexitend               406f58f4     <common>
 0004:0058b8f8       ___onexitbegin             406f58f8     <common>
 0004:0058b8fc       ___mbctype_initialized     406f58fc     <common>
 0004:0058b900       ___dyn_tls_init_callback   406f5900     <common>
 0004:0058b904       ___use_sse2_mathfcns       406f5904     <common>
 0004:0058b910       ___sse2_available          406f5910     <common>
 0004:0058b91c       __acmdln                   406f591c     <common>
 0005:00000000       __IMPORT_DESCRIPTOR_KERNEL32 406f6000     kernel32:KERNEL32.dll
 0005:00000014       __NULL_IMPORT_DESCRIPTOR   406f6014     kernel32:KERNEL32.dll
 0005:000001e4       __imp__InterlockedIncrement@4 406f61e4     kernel32:KERNEL32.dll
 0005:000001e8       __imp__InterlockedDecrement@4 406f61e8     kernel32:KERNEL32.dll
 0005:000001ec       __imp__Sleep@4             406f61ec     kernel32:KERNEL32.dll
 0005:000001f0       __imp__InterlockedExchange@8 406f61f0     kernel32:KERNEL32.dll
 0005:000001f4       __imp__InitializeCriticalSection@4 406f61f4     kernel32:KERNEL32.dll
 0005:000001f8       __imp__DeleteCriticalSection@4 406f61f8     kernel32:KERNEL32.dll
 0005:000001fc       __imp__EnterCriticalSection@4 406f61fc     kernel32:KERNEL32.dll
 0005:00000200       __imp__LeaveCriticalSection@4 406f6200     kernel32:KERNEL32.dll
 0005:00000204       __imp__GetModuleFileNameW@12 406f6204     kernel32:KERNEL32.dll
 0005:00000208       __imp__WriteConsoleW@20    406f6208     kernel32:KERNEL32.dll
 0005:0000020c       __imp__GetFileType@4       406f620c     kernel32:KERNEL32.dll
 0005:00000210       __imp__GetStdHandle@4      406f6210     kernel32:KERNEL32.dll
 0005:00000214       __imp__RtlUnwind@16        406f6214     kernel32:KERNEL32.dll
 0005:00000218       __imp__RaiseException@16   406f6218     kernel32:KERNEL32.dll
 0005:0000021c       __imp__DecodePointer@4     406f621c     kernel32:KERNEL32.dll
 0005:00000220       __imp__TerminateProcess@8  406f6220     kernel32:KERNEL32.dll
 0005:00000224       __imp__GetCurrentProcess@0 406f6224     kernel32:KERNEL32.dll
 0005:00000228       __imp__UnhandledExceptionFilter@4 406f6228     kernel32:KERNEL32.dll
 0005:0000022c       __imp__SetUnhandledExceptionFilter@4 406f622c     kernel32:KERNEL32.dll
 0005:00000230       __imp__IsDebuggerPresent@0 406f6230     kernel32:KERNEL32.dll
 0005:00000234       __imp__EncodePointer@4     406f6234     kernel32:KERNEL32.dll
 0005:00000238       __imp__WideCharToMultiByte@32 406f6238     kernel32:KERNEL32.dll
 0005:0000023c       __imp__MultiByteToWideChar@24 406f623c     kernel32:KERNEL32.dll
 0005:00000240       __imp__lstrlenA@4          406f6240     kernel32:KERNEL32.dll
 0005:00000244       __imp__GetProcAddress@8    406f6244     kernel32:KERNEL32.dll
 0005:00000248       __imp__LoadLibraryW@4      406f6248     kernel32:KERNEL32.dll
 0005:0000024c       __imp__GetCurrentThreadId@0 406f624c     kernel32:KERNEL32.dll
 0005:00000250       __imp__GetCommandLineA@0   406f6250     kernel32:KERNEL32.dll
 0005:00000254       __imp__IsProcessorFeaturePresent@4 406f6254     kernel32:KERNEL32.dll
 0005:00000258       __imp__GetModuleHandleW@4  406f6258     kernel32:KERNEL32.dll
 0005:0000025c       __imp__ExitProcess@4       406f625c     kernel32:KERNEL32.dll
 0005:00000260       __imp__GetLastError@0      406f6260     kernel32:KERNEL32.dll
 0005:00000264       __imp__SetConsoleCtrlHandler@8 406f6264     kernel32:KERNEL32.dll
 0005:00000268       __imp__GetACP@0            406f6268     kernel32:KERNEL32.dll
 0005:0000026c       __imp__GetOEMCP@0          406f626c     kernel32:KERNEL32.dll
 0005:00000270       __imp__GetCPInfo@8         406f6270     kernel32:KERNEL32.dll
 0005:00000274       __imp__IsValidCodePage@4   406f6274     kernel32:KERNEL32.dll
 0005:00000278       __imp__TlsAlloc@0          406f6278     kernel32:KERNEL32.dll
 0005:0000027c       __imp__TlsGetValue@4       406f627c     kernel32:KERNEL32.dll
 0005:00000280       __imp__TlsSetValue@8       406f6280     kernel32:KERNEL32.dll
 0005:00000284       __imp__TlsFree@4           406f6284     kernel32:KERNEL32.dll
 0005:00000288       __imp__SetLastError@4      406f6288     kernel32:KERNEL32.dll
 0005:0000028c       __imp__GetCurrentThread@0  406f628c     kernel32:KERNEL32.dll
 0005:00000290       __imp__LCMapStringW@24     406f6290     kernel32:KERNEL32.dll
 0005:00000294       __imp__InitializeCriticalSectionAndSpinCount@8 406f6294     kernel32:KERNEL32.dll
 0005:00000298       __imp__FatalAppExitA@8     406f6298     kernel32:KERNEL32.dll
 0005:0000029c       __imp__HeapValidate@12     406f629c     kernel32:KERNEL32.dll
 0005:000002a0       __imp__IsBadReadPtr@8      406f62a0     kernel32:KERNEL32.dll
 0005:000002a4       __imp__WriteFile@20        406f62a4     kernel32:KERNEL32.dll
 0005:000002a8       __imp__OutputDebugStringA@4 406f62a8     kernel32:KERNEL32.dll
 0005:000002ac       __imp__OutputDebugStringW@4 406f62ac     kernel32:KERNEL32.dll
 0005:000002b0       __imp__HeapFree@12         406f62b0     kernel32:KERNEL32.dll
 0005:000002b4       __imp__HeapAlloc@12        406f62b4     kernel32:KERNEL32.dll
 0005:000002b8       __imp__GetProcessHeap@0    406f62b8     kernel32:KERNEL32.dll
 0005:000002bc       __imp__VirtualQuery@12     406f62bc     kernel32:KERNEL32.dll
 0005:000002c0       __imp__FreeLibrary@4       406f62c0     kernel32:KERNEL32.dll
 0005:000002c4       __imp__SetHandleCount@4    406f62c4     kernel32:KERNEL32.dll
 0005:000002c8       __imp__GetStartupInfoW@4   406f62c8     kernel32:KERNEL32.dll
 0005:000002cc       __imp__GetModuleFileNameA@12 406f62cc     kernel32:KERNEL32.dll
 0005:000002d0       __imp__FreeEnvironmentStringsW@4 406f62d0     kernel32:KERNEL32.dll
 0005:000002d4       __imp__GetEnvironmentStringsW@0 406f62d4     kernel32:KERNEL32.dll
 0005:000002d8       __imp__HeapCreate@12       406f62d8     kernel32:KERNEL32.dll
 0005:000002dc       __imp__HeapDestroy@4       406f62dc     kernel32:KERNEL32.dll
 0005:000002e0       __imp__QueryPerformanceCounter@4 406f62e0     kernel32:KERNEL32.dll
 0005:000002e4       __imp__GetTickCount@0      406f62e4     kernel32:KERNEL32.dll
 0005:000002e8       __imp__GetCurrentProcessId@0 406f62e8     kernel32:KERNEL32.dll
 0005:000002ec       __imp__GetSystemTimeAsFileTime@4 406f62ec     kernel32:KERNEL32.dll
 0005:000002f0       __imp__GetLocaleInfoW@16   406f62f0     kernel32:KERNEL32.dll
 0005:000002f4       __imp__FlushFileBuffers@4  406f62f4     kernel32:KERNEL32.dll
 0005:000002f8       __imp__GetConsoleCP@0      406f62f8     kernel32:KERNEL32.dll
 0005:000002fc       __imp__GetConsoleMode@8    406f62fc     kernel32:KERNEL32.dll
 0005:00000300       __imp__GetStringTypeW@16   406f6300     kernel32:KERNEL32.dll
 0005:00000304       __imp__SetFilePointer@16   406f6304     kernel32:KERNEL32.dll
 0005:00000308       __imp__GetLocaleInfoA@16   406f6308     kernel32:KERNEL32.dll
 0005:0000030c       __imp__IsValidLocale@8     406f630c     kernel32:KERNEL32.dll
 0005:00000310       __imp__EnumSystemLocalesA@8 406f6310     kernel32:KERNEL32.dll
 0005:00000314       __imp__GetUserDefaultLCID@0 406f6314     kernel32:KERNEL32.dll
 0005:00000318       __imp__HeapReAlloc@16      406f6318     kernel32:KERNEL32.dll
 0005:0000031c       __imp__HeapSize@12         406f631c     kernel32:KERNEL32.dll
 0005:00000320       __imp__HeapQueryInformation@20 406f6320     kernel32:KERNEL32.dll
 0005:00000324       __imp__SetStdHandle@8      406f6324     kernel32:KERNEL32.dll
 0005:00000328       __imp__ReadFile@20         406f6328     kernel32:KERNEL32.dll
 0005:0000032c       __imp__CreateFileW@28      406f632c     kernel32:KERNEL32.dll
 0005:00000330       __imp__CloseHandle@4       406f6330     kernel32:KERNEL32.dll
 0005:00000334       \177KERNEL32_NULL_THUNK_DATA 406f6334     kernel32:KERNEL32.dll

 entry point at        0002:000005eb

